../Core/Src/Disc_F407.c:9:6:GreenOn	8	static
../Core/Src/Disc_F407.c:10:6:GreenOff	8	static
../Core/Src/Disc_F407.c:13:6:OrangeOn	8	static
../Core/Src/Disc_F407.c:14:6:OrangeOff	8	static
../Core/Src/Disc_F407.c:17:6:RedOn	8	static
../Core/Src/Disc_F407.c:18:6:RedOff	8	static
../Core/Src/Disc_F407.c:21:6:BlueOn	8	static
../Core/Src/Disc_F407.c:22:6:BlueOff	8	static
../Core/Src/Disc_F407.c:25:14:ReadPushButton	8	static
../Core/Src/Disc_F407.c:31:6:rngInit	16	static
../Core/Src/Disc_F407.c:46:10:StmRand	16	static
