../Core/Src/main.c:112:5:main	16	static
../Core/Src/main.c:205:6:SystemClock_Config	88	static
../Core/Src/main.c:247:13:MX_CAN2_Init	8	static
../Core/Src/main.c:284:13:MX_I2C1_Init	8	static
../Core/Src/main.c:317:13:MX_GPIO_Init	40	static
../Core/Src/main.c:344:6:LCD_Init	8	static
../Core/Src/main.c:355:6:CAN_Filter_Config	48	static
../Core/Src/main.c:379:6:WasteFullLED	16	static
../Core/Src/main.c:394:6:Deferred_Task	56	static
../Core/Src/main.c:457:6:CAN2_RX0_IRQHandler	48	static,ignoring_inline_asm
../Core/Src/main.c:533:6:HAL_TIM_PeriodElapsedCallback	16	static
../Core/Src/main.c:550:6:Error_Handler	4	static,ignoring_inline_asm
../Core/Src/main.c:569:6:assert_failed	16	static
