../Core/Src/main.c:94:5:main	16	static
../Core/Src/main.c:158:6:SystemClock_Config	88	static
../Core/Src/main.c:200:13:MX_CAN2_Init	8	static
../Core/Src/main.c:237:13:MX_I2C1_Init	8	static
../Core/Src/main.c:271:13:MX_GPIO_Init	40	static
../Core/Src/main.c:299:6:LCD_Init	8	static
../Core/Src/main.c:308:6:CAN_Filter_Config	48	static
../Core/Src/main.c:333:6:HAL_CAN_RxFifo0MsgPendingCallback	56	static
../Core/Src/main.c:354:6:setBuzzerFrequency	16	static
../Core/Src/main.c:369:6:displayDistances	40	static
../Core/Src/main.c:398:6:Error_Handler	4	static,ignoring_inline_asm
