../Core/Src/main.c:96:5:main	16	static
../Core/Src/main.c:154:6:SystemClock_Config	88	static
../Core/Src/main.c:195:13:MX_CAN2_Init	8	static
../Core/Src/main.c:229:13:MX_I2C1_Init	8	static
../Core/Src/main.c:259:13:MX_GPIO_Init	40	static
../Core/Src/main.c:287:6:LCD_Init	8	static
../Core/Src/main.c:300:6:CAN_Filter_Config	48	static
../Core/Src/main.c:327:6:CAN2_Rx	40	static
../Core/Src/main.c:352:6:setBuzzerFrequency	16	static
../Core/Src/main.c:370:6:displayDistances	40	static
../Core/Src/main.c:403:6:Error_Handler	4	static,ignoring_inline_asm
