Archive member included to satisfy reference by file (symbol)

C:/ST/STM32CubeIDE_1.15.1/STM32CubeIDE/plugins/com.st.stm32cube.ide.mcu.externaltools.gnu-tools-for-stm32.12.3.rel1.win32_1.0.100.202403111256/tools/bin/../lib/gcc/arm-none-eabi/12.3.1/../../../../arm-none-eabi/lib/thumb/v7e-m+fp/hard\libc_nano.a(libc_a-exit.o)
                              C:/ST/STM32CubeIDE_1.15.1/STM32CubeIDE/plugins/com.st.stm32cube.ide.mcu.externaltools.gnu-tools-for-stm32.12.3.rel1.win32_1.0.100.202403111256/tools/bin/../lib/gcc/arm-none-eabi/12.3.1/../../../../arm-none-eabi/lib/thumb/v7e-m+fp/hard/crt0.o (exit)
C:/ST/STM32CubeIDE_1.15.1/STM32CubeIDE/plugins/com.st.stm32cube.ide.mcu.externaltools.gnu-tools-for-stm32.12.3.rel1.win32_1.0.100.202403111256/tools/bin/../lib/gcc/arm-none-eabi/12.3.1/../../../../arm-none-eabi/lib/thumb/v7e-m+fp/hard\libc_nano.a(libc_a-findfp.o)
                              C:/ST/STM32CubeIDE_1.15.1/STM32CubeIDE/plugins/com.st.stm32cube.ide.mcu.externaltools.gnu-tools-for-stm32.12.3.rel1.win32_1.0.100.202403111256/tools/bin/../lib/gcc/arm-none-eabi/12.3.1/../../../../arm-none-eabi/lib/thumb/v7e-m+fp/hard\libc_nano.a(libc_a-exit.o) (__stdio_exit_handler)
C:/ST/STM32CubeIDE_1.15.1/STM32CubeIDE/plugins/com.st.stm32cube.ide.mcu.externaltools.gnu-tools-for-stm32.12.3.rel1.win32_1.0.100.202403111256/tools/bin/../lib/gcc/arm-none-eabi/12.3.1/../../../../arm-none-eabi/lib/thumb/v7e-m+fp/hard\libc_nano.a(libc_a-fwalk.o)
                              C:/ST/STM32CubeIDE_1.15.1/STM32CubeIDE/plugins/com.st.stm32cube.ide.mcu.externaltools.gnu-tools-for-stm32.12.3.rel1.win32_1.0.100.202403111256/tools/bin/../lib/gcc/arm-none-eabi/12.3.1/../../../../arm-none-eabi/lib/thumb/v7e-m+fp/hard\libc_nano.a(libc_a-findfp.o) (_fwalk_sglue)
C:/ST/STM32CubeIDE_1.15.1/STM32CubeIDE/plugins/com.st.stm32cube.ide.mcu.externaltools.gnu-tools-for-stm32.12.3.rel1.win32_1.0.100.202403111256/tools/bin/../lib/gcc/arm-none-eabi/12.3.1/../../../../arm-none-eabi/lib/thumb/v7e-m+fp/hard\libc_nano.a(libc_a-stdio.o)
                              C:/ST/STM32CubeIDE_1.15.1/STM32CubeIDE/plugins/com.st.stm32cube.ide.mcu.externaltools.gnu-tools-for-stm32.12.3.rel1.win32_1.0.100.202403111256/tools/bin/../lib/gcc/arm-none-eabi/12.3.1/../../../../arm-none-eabi/lib/thumb/v7e-m+fp/hard\libc_nano.a(libc_a-findfp.o) (__sread)
C:/ST/STM32CubeIDE_1.15.1/STM32CubeIDE/plugins/com.st.stm32cube.ide.mcu.externaltools.gnu-tools-for-stm32.12.3.rel1.win32_1.0.100.202403111256/tools/bin/../lib/gcc/arm-none-eabi/12.3.1/../../../../arm-none-eabi/lib/thumb/v7e-m+fp/hard\libc_nano.a(libc_a-memcmp.o)
                              ./MiddleWare/SEGGER/FreeRTOSV11/SEGGER_SYSVIEW_FreeRTOS.o (memcmp)
C:/ST/STM32CubeIDE_1.15.1/STM32CubeIDE/plugins/com.st.stm32cube.ide.mcu.externaltools.gnu-tools-for-stm32.12.3.rel1.win32_1.0.100.202403111256/tools/bin/../lib/gcc/arm-none-eabi/12.3.1/../../../../arm-none-eabi/lib/thumb/v7e-m+fp/hard\libc_nano.a(libc_a-memset.o)
                              C:/ST/STM32CubeIDE_1.15.1/STM32CubeIDE/plugins/com.st.stm32cube.ide.mcu.externaltools.gnu-tools-for-stm32.12.3.rel1.win32_1.0.100.202403111256/tools/bin/../lib/gcc/arm-none-eabi/12.3.1/../../../../arm-none-eabi/lib/thumb/v7e-m+fp/hard/crt0.o (memset)
C:/ST/STM32CubeIDE_1.15.1/STM32CubeIDE/plugins/com.st.stm32cube.ide.mcu.externaltools.gnu-tools-for-stm32.12.3.rel1.win32_1.0.100.202403111256/tools/bin/../lib/gcc/arm-none-eabi/12.3.1/../../../../arm-none-eabi/lib/thumb/v7e-m+fp/hard\libc_nano.a(libc_a-closer.o)
                              C:/ST/STM32CubeIDE_1.15.1/STM32CubeIDE/plugins/com.st.stm32cube.ide.mcu.externaltools.gnu-tools-for-stm32.12.3.rel1.win32_1.0.100.202403111256/tools/bin/../lib/gcc/arm-none-eabi/12.3.1/../../../../arm-none-eabi/lib/thumb/v7e-m+fp/hard\libc_nano.a(libc_a-stdio.o) (_close_r)
C:/ST/STM32CubeIDE_1.15.1/STM32CubeIDE/plugins/com.st.stm32cube.ide.mcu.externaltools.gnu-tools-for-stm32.12.3.rel1.win32_1.0.100.202403111256/tools/bin/../lib/gcc/arm-none-eabi/12.3.1/../../../../arm-none-eabi/lib/thumb/v7e-m+fp/hard\libc_nano.a(libc_a-reent.o)
                              C:/ST/STM32CubeIDE_1.15.1/STM32CubeIDE/plugins/com.st.stm32cube.ide.mcu.externaltools.gnu-tools-for-stm32.12.3.rel1.win32_1.0.100.202403111256/tools/bin/../lib/gcc/arm-none-eabi/12.3.1/../../../../arm-none-eabi/lib/thumb/v7e-m+fp/hard\libc_nano.a(libc_a-closer.o) (errno)
C:/ST/STM32CubeIDE_1.15.1/STM32CubeIDE/plugins/com.st.stm32cube.ide.mcu.externaltools.gnu-tools-for-stm32.12.3.rel1.win32_1.0.100.202403111256/tools/bin/../lib/gcc/arm-none-eabi/12.3.1/../../../../arm-none-eabi/lib/thumb/v7e-m+fp/hard\libc_nano.a(libc_a-impure.o)
                              C:/ST/STM32CubeIDE_1.15.1/STM32CubeIDE/plugins/com.st.stm32cube.ide.mcu.externaltools.gnu-tools-for-stm32.12.3.rel1.win32_1.0.100.202403111256/tools/bin/../lib/gcc/arm-none-eabi/12.3.1/../../../../arm-none-eabi/lib/thumb/v7e-m+fp/hard\libc_nano.a(libc_a-reent.o) (_impure_ptr)
[...]
Memory Configuration

Name             Origin             Length             Attributes
CCMRAM           0x10000000         0x00010000         xrw
RAM              0x20000000         0x00020000         xrw
FLASH            0x08000000         0x00100000         xr
*default*        0x00000000         0xffffffff

Linker script and memory map

LOAD C:/ST/STM32CubeIDE_1.15.1/STM32CubeIDE/plugins/com.st.stm32cube.ide.mcu.externaltools.gnu-tools-for-stm32.12.3.rel1.win32_1.0.100.202403111256/tools/bin/../lib/gcc/arm-none-eabi/12.3.1/thumb/v7e-m+fp/hard/crti.o
LOAD C:/ST/STM32CubeIDE_1.15.1/STM32CubeIDE/plugins/com.st.stm32cube.ide.mcu.externaltools.gnu-tools-for-stm32.12.3.rel1.win32_1.0.100.202403111256/tools/bin/../lib/gcc/arm-none-eabi/12.3.1/thumb/v7e-m+fp/hard/crtbegin.o
LOAD C:/ST/STM32CubeIDE_1.15.1/STM32CubeIDE/plugins/com.st.stm32cube.ide.mcu.externaltools.gnu-tools-for-stm32.12.3.rel1.win32_1.0.100.202403111256/tools/bin/../lib/gcc/arm-none-eabi/12.3.1/../../../../arm-none-eabi/lib/thumb/v7e-m+fp/hard/crt0.o
LOAD ./Core/Src/Disc_F407.o
LOAD ./Core/Src/main.o
LOAD ./Core/Src/stm32f4xx_hal_msp.o
LOAD ./Core/Src/stm32f4xx_hal_timebase_tim.o
LOAD ./Core/Src/stm32f4xx_it.o
LOAD ./Core/Src/syscalls.o
LOAD ./Core/Src/system_stm32f4xx.o
LOAD ./Core/Startup/startup_stm32f407vgtx.o
LOAD ./Drivers/STM32F4xx_HAL_Driver/Src/stm32f4xx_hal.o
LOAD ./Drivers/STM32F4xx_HAL_Driver/Src/stm32f4xx_hal_cortex.o
LOAD ./Drivers/STM32F4xx_HAL_Driver/Src/stm32f4xx_hal_dma.o
LOAD ./Drivers/STM32F4xx_HAL_Driver/Src/stm32f4xx_hal_dma_ex.o
LOAD ./Drivers/STM32F4xx_HAL_Driver/Src/stm32f4xx_hal_exti.o
LOAD ./Drivers/STM32F4xx_HAL_Driver/Src/stm32f4xx_hal_flash.o
LOAD ./Drivers/STM32F4xx_HAL_Driver/Src/stm32f4xx_hal_flash_ex.o
LOAD ./Drivers/STM32F4xx_HAL_Driver/Src/stm32f4xx_hal_flash_ramfunc.o
LOAD ./Drivers/STM32F4xx_HAL_Driver/Src/stm32f4xx_hal_gpio.o
LOAD ./Drivers/STM32F4xx_HAL_Driver/Src/stm32f4xx_hal_pwr.o
LOAD ./Drivers/STM32F4xx_HAL_Driver/Src/stm32f4xx_hal_pwr_ex.o
LOAD ./Drivers/STM32F4xx_HAL_Driver/Src/stm32f4xx_hal_rcc.o
LOAD ./Drivers/STM32F4xx_HAL_Driver/Src/stm32f4xx_hal_rcc_ex.o
LOAD ./Drivers/STM32F4xx_HAL_Driver/Src/stm32f4xx_hal_tim.o
LOAD ./Drivers/STM32F4xx_HAL_Driver/Src/stm32f4xx_hal_tim_ex.o
LOAD ./MiddleWare/FreeRTOS/croutine.o
LOAD ./MiddleWare/FreeRTOS/event_groups.o
LOAD ./MiddleWare/FreeRTOS/list.o
LOAD ./MiddleWare/FreeRTOS/queue.o
LOAD ./MiddleWare/FreeRTOS/stream_buffer.o
LOAD ./MiddleWare/FreeRTOS/tasks.o
LOAD ./MiddleWare/FreeRTOS/timers.o
LOAD ./MiddleWare/FreeRTOS/portable/GCC/ARM_CM4F/port.o
LOAD ./MiddleWare/FreeRTOS/portable/MemMang/heap_4.o
LOAD ./MiddleWare/SEGGER/Config/SEGGER_SYSVIEW_Config_FreeRTOS.o
LOAD ./MiddleWare/SEGGER/FreeRTOSV11/SEGGER_SYSVIEW_FreeRTOS.o
LOAD ./MiddleWare/SEGGER/SEGGER/SEGGER_RTT.o
LOAD ./MiddleWare/SEGGER/SEGGER/SEGGER_RTT_ASM_ARMv7M.o
LOAD ./MiddleWare/SEGGER/SEGGER/SEGGER_RTT_printf.o
LOAD ./MiddleWare/SEGGER/SEGGER/SEGGER_SYSVIEW.o
LOAD ./MiddleWare/SEGGER/SEGGER/Syscalls/SEGGER_RTT_Syscalls_GCC.o
START GROUP
LOAD C:/ST/STM32CubeIDE_1.15.1/STM32CubeIDE/plugins/com.st.stm32cube.ide.mcu.externaltools.gnu-tools-for-stm32.12.3.rel1.win32_1.0.100.202403111256/tools/bin/../lib/gcc/arm-none-eabi/12.3.1/../../../../arm-none-eabi/lib/thumb/v7e-m+fp/hard\libc_nano.a
LOAD C:/ST/STM32CubeIDE_1.15.1/STM32CubeIDE/plugins/com.st.stm32cube.ide.mcu.externaltools.gnu-tools-for-stm32.12.3.rel1.win32_1.0.100.202403111256/tools/bin/../lib/gcc/arm-none-eabi/12.3.1/../../../../arm-none-eabi/lib/thumb/v7e-m+fp/hard\libm.a
END GROUP
START GROUP
LOAD C:/ST/STM32CubeIDE_1.15.1/STM32CubeIDE/plugins/com.st.stm32cube.ide.mcu.externaltools.gnu-tools-for-stm32.12.3.rel1.win32_1.0.100.202403111256/tools/bin/../lib/gcc/arm-none-eabi/12.3.1/thumb/v7e-m+fp/hard\libgcc.a
LOAD C:/ST/STM32CubeIDE_1.15.1/STM32CubeIDE/plugins/com.st.stm32cube.ide.mcu.externaltools.gnu-tools-for-stm32.12.3.rel1.win32_1.0.100.202403111256/tools/bin/../lib/gcc/arm-none-eabi/12.3.1/../../../../arm-none-eabi/lib/thumb/v7e-m+fp/hard\libc_nano.a
END GROUP
START GROUP
LOAD C:/ST/STM32CubeIDE_1.15.1/STM32CubeIDE/plugins/com.st.stm32cube.ide.mcu.externaltools.gnu-tools-for-stm32.12.3.rel1.win32_1.0.100.202403111256/tools/bin/../lib/gcc/arm-none-eabi/12.3.1/thumb/v7e-m+fp/hard\libgcc.a
LOAD C:/ST/STM32CubeIDE_1.15.1/STM32CubeIDE/plugins/com.st.stm32cube.ide.mcu.externaltools.gnu-tools-for-stm32.12.3.rel1.win32_1.0.100.202403111256/tools/bin/../lib/gcc/arm-none-eabi/12.3.1/../../../../arm-none-eabi/lib/thumb/v7e-m+fp/hard\libc_nano.a
LOAD C:/ST/STM32CubeIDE_1.15.1/STM32CubeIDE/plugins/com.st.stm32cube.ide.mcu.externaltools.gnu-tools-for-stm32.12.3.rel1.win32_1.0.100.202403111256/tools/bin/../lib/gcc/arm-none-eabi/12.3.1/../../../../arm-none-eabi/lib/thumb/v7e-m+fp/hard\libnosys.a
END GROUP
START GROUP
LOAD C:/ST/STM32CubeIDE_1.15.1/STM32CubeIDE/plugins/com.st.stm32cube.ide.mcu.externaltools.gnu-tools-for-stm32.12.3.rel1.win32_1.0.100.202403111256/tools/bin/../lib/gcc/arm-none-eabi/12.3.1/thumb/v7e-m+fp/hard\libgcc.a
LOAD C:/ST/STM32CubeIDE_1.15.1/STM32CubeIDE/plugins/com.st.stm32cube.ide.mcu.externaltools.gnu-tools-for-stm32.12.3.rel1.win32_1.0.100.202403111256/tools/bin/../lib/gcc/arm-none-eabi/12.3.1/../../../../arm-none-eabi/lib/thumb/v7e-m+fp/hard\libc_nano.a
LOAD C:/ST/STM32CubeIDE_1.15.1/STM32CubeIDE/plugins/com.st.stm32cube.ide.mcu.externaltools.gnu-tools-for-stm32.12.3.rel1.win32_1.0.100.202403111256/tools/bin/../lib/gcc/arm-none-eabi/12.3.1/../../../../arm-none-eabi/lib/thumb/v7e-m+fp/hard\libnosys.a
END GROUP
LOAD C:/ST/STM32CubeIDE_1.15.1/STM32CubeIDE/plugins/com.st.stm32cube.ide.mcu.externaltools.gnu-tools-for-stm32.12.3.rel1.win32_1.0.100.202403111256/tools/bin/../lib/gcc/arm-none-eabi/12.3.1/thumb/v7e-m+fp/hard/crtend.o
LOAD C:/ST/STM32CubeIDE_1.15.1/STM32CubeIDE/plugins/com.st.stm32cube.ide.mcu.externaltools.gnu-tools-for-stm32.12.3.rel1.win32_1.0.100.202403111256/tools/bin/../lib/gcc/arm-none-eabi/12.3.1/thumb/v7e-m+fp/hard/crtn.o
                0x20020000                        _estack = (ORIGIN (RAM) + LENGTH (RAM))
                0x00000200                        _Min_Heap_Size = 0x200
                0x00000400                        _Min_Stack_Size = 0x400

.isr_vector     0x08000000      0x188
                0x08000000                        . = ALIGN (0x4)
 *(.isr_vector)
 .isr_vector    0x08000000      0x188 ./Core/Startup/startup_stm32f407vgtx.o
                0x08000000                g_pfnVectors
                0x08000188                        . = ALIGN (0x4)

.text           0x08000190     0x5390
                0x08000190                        . = ALIGN (0x4)
 *(.text)
 .text          0x08000190       0x40 C:/ST/STM32CubeIDE_1.15.1/STM32CubeIDE/plugins/com.st.stm32cube.ide.mcu.externaltools.gnu-tools-for-stm32.12.3.rel1.win32_1.0.100.202403111256/tools/bin/../lib/gcc/arm-none-eabi/12.3.1/thumb/v7e-m+fp/hard/crtbegin.o
 .text          0x080001d0       0x94 ./MiddleWare/SEGGER/SEGGER/SEGGER_RTT_ASM_ARMv7M.o
                0x080001d0                SEGGER_RTT_ASM_WriteSkipNoLock
 .text          0x08000264       0x30 C:/ST/STM32CubeIDE_1.15.1/STM32CubeIDE/plugins/com.st.stm32cube.ide.mcu.externaltools.gnu-tools-for-stm32.12.3.rel1.win32_1.0.100.202403111256/tools/bin/../lib/gcc/arm-none-eabi/12.3.1/thumb/v7e-m+fp/hard\libgcc.a(_aeabi_uldivmod.o)
                0x08000264                __aeabi_uldivmod
 .text          0x08000294      0x2bc C:/ST/STM32CubeIDE_1.15.1/STM32CubeIDE/plugins/com.st.stm32cube.ide.mcu.externaltools.gnu-tools-for-stm32.12.3.rel1.win32_1.0.100.202403111256/tools/bin/../lib/gcc/arm-none-eabi/12.3.1/thumb/v7e-m+fp/hard\libgcc.a(_udivmoddi4.o)
                0x08000294                __udivmoddi4
 .text          0x08000550        0x4 C:/ST/STM32CubeIDE_1.15.1/STM32CubeIDE/plugins/com.st.stm32cube.ide.mcu.externaltools.gnu-tools-for-stm32.12.3.rel1.win32_1.0.100.202403111256/tools/bin/../lib/gcc/arm-none-eabi/12.3.1/thumb/v7e-m+fp/hard\libgcc.a(_dvmd_tls.o)
                0x08000550                __aeabi_idiv0
                0x08000550                __aeabi_ldiv0
 *(.text*)
 .text.main     0x08000554       0xb0 ./Core/Src/main.o
                0x08000554                main
 .text.SystemClock_Config
                0x08000604       0xbc ./Core/Src/main.o
                0x08000604                SystemClock_Config
 .text.MX_GPIO_Init
                0x080006c0       0xa4 ./Core/Src/main.o
 .text.GreenTaskA
                0x08000764       0x50 ./Core/Src/main.o
                0x08000764                GreenTaskA
 .text.BlueTaskB
                0x080007b4       0x50 ./Core/Src/main.o
                0x080007b4                BlueTaskB
 .text.ButtonTask
                0x08000804       0x38 ./Core/Src/main.o
                0x08000804                ButtonTask
 .text.HAL_TIM_PeriodElapsedCallback
                0x0800083c       0x1e ./Core/Src/main.o
                0x0800083c                HAL_TIM_PeriodElapsedCallback
 .text.Error_Handler
                0x0800085a        0xc ./Core/Src/main.o
                0x0800085a                Error_Handler
 *fill*         0x08000866        0x2 
 .text.assert_failed
                0x08000868       0x1c ./Core/Src/main.o
                0x08000868                assert_failed
 .text.HAL_MspInit
                0x08000884       0x50 ./Core/Src/stm32f4xx_hal_msp.o
                0x08000884                HAL_MspInit
 .text.HAL_InitTick
                0x080008d4       0xe4 ./Core/Src/stm32f4xx_hal_timebase_tim.o
                0x080008d4                HAL_InitTick
 .text.NMI_Handler
                0x080009b8        0x8 ./Core/Src/stm32f4xx_it.o
                0x080009b8                NMI_Handler
 .text.HardFault_Handler
                0x080009c0        0x8 ./Core/Src/stm32f4xx_it.o
                0x080009c0                HardFault_Handler
 .text.MemManage_Handler
                0x080009c8        0x8 ./Core/Src/stm32f4xx_it.o
                0x080009c8                MemManage_Handler
 .text.BusFault_Handler
                0x080009d0        0x8 ./Core/Src/stm32f4xx_it.o
                0x080009d0                BusFault_Handler
 .text.UsageFault_Handler
                0x080009d8        0x8 ./Core/Src/stm32f4xx_it.o
                0x080009d8                UsageFault_Handler
 .text.DebugMon_Handler
                0x080009e0        0xe ./Core/Src/stm32f4xx_it.o
                0x080009e0                DebugMon_Handler
 *fill*         0x080009ee        0x2 
 .text.TIM1_UP_TIM10_IRQHandler
                0x080009f0       0x14 ./Core/Src/stm32f4xx_it.o
                0x080009f0                TIM1_UP_TIM10_IRQHandler
 .text.SystemInit
                0x08000a04       0x24 ./Core/Src/system_stm32f4xx.o
                0x08000a04                SystemInit
 .text.Reset_Handler
                0x08000a28       0x50 ./Core/Startup/startup_stm32f407vgtx.o
                0x08000a28                Reset_Handler
 .text.Default_Handler
                0x08000a78        0x2 ./Core/Startup/startup_stm32f407vgtx.o
                0x08000a78                RTC_Alarm_IRQHandler
                0x08000a78                HASH_RNG_IRQHandler
                0x08000a78                EXTI2_IRQHandler
                0x08000a78                TIM8_CC_IRQHandler
                0x08000a78                TIM1_CC_IRQHandler
                0x08000a78                DMA2_Stream5_IRQHandler
                0x08000a78                DMA1_Stream5_IRQHandler
                0x08000a78                PVD_IRQHandler
                0x08000a78                SDIO_IRQHandler
                0x08000a78                TAMP_STAMP_IRQHandler
                0x08000a78                CAN2_RX1_IRQHandler
                0x08000a78                EXTI3_IRQHandler
                0x08000a78                TIM8_TRG_COM_TIM14_IRQHandler
                0x08000a78                TIM8_UP_TIM13_IRQHandler
                0x08000a78                I2C3_ER_IRQHandler
                0x08000a78                EXTI0_IRQHandler
                0x08000a78                I2C2_EV_IRQHandler
                0x08000a78                DMA1_Stream2_IRQHandler
                0x08000a78                CAN1_RX0_IRQHandler
                0x08000a78                FPU_IRQHandler
                0x08000a78                OTG_HS_WKUP_IRQHandler
                0x08000a78                CAN2_SCE_IRQHandler
                0x08000a78                DMA2_Stream2_IRQHandler
                0x08000a78                SPI1_IRQHandler
                0x08000a78                TIM6_DAC_IRQHandler
                0x08000a78                TIM1_BRK_TIM9_IRQHandler
                0x08000a78                DCMI_IRQHandler
                0x08000a78                CAN2_RX0_IRQHandler
                0x08000a78                DMA2_Stream3_IRQHandler
                0x08000a78                USART6_IRQHandler
                0x08000a78                USART3_IRQHandler
                0x08000a78                CAN1_RX1_IRQHandler
                0x08000a78                UART5_IRQHandler
                0x08000a78                DMA2_Stream0_IRQHandler
                0x08000a78                TIM4_IRQHandler
                0x08000a78                I2C1_EV_IRQHandler
                0x08000a78                DMA1_Stream6_IRQHandler
                0x08000a78                DMA1_Stream1_IRQHandler
                0x08000a78                UART4_IRQHandler
                0x08000a78                TIM3_IRQHandler
                0x08000a78                RCC_IRQHandler
                0x08000a78                TIM8_BRK_TIM12_IRQHandler
                0x08000a78                Default_Handler
                0x08000a78                EXTI15_10_IRQHandler
                0x08000a78                ADC_IRQHandler
                0x08000a78                DMA1_Stream7_IRQHandler
                0x08000a78                TIM7_IRQHandler
                0x08000a78                CAN2_TX_IRQHandler
                0x08000a78                TIM5_IRQHandler
                0x08000a78                DMA2_Stream7_IRQHandler
                0x08000a78                I2C3_EV_IRQHandler
                0x08000a78                EXTI9_5_IRQHandler
                0x08000a78                RTC_WKUP_IRQHandler
                0x08000a78                ETH_WKUP_IRQHandler
                0x08000a78                SPI2_IRQHandler
                0x08000a78                OTG_HS_EP1_IN_IRQHandler
                0x08000a78                DMA1_Stream0_IRQHandler
                0x08000a78                CAN1_TX_IRQHandler
                0x08000a78                EXTI4_IRQHandler
                0x08000a78                FSMC_IRQHandler
                0x08000a78                ETH_IRQHandler
                0x08000a78                OTG_HS_EP1_OUT_IRQHandler
                0x08000a78                WWDG_IRQHandler
                0x08000a78                TIM2_IRQHandler
                0x08000a78                OTG_FS_WKUP_IRQHandler
                0x08000a78                TIM1_TRG_COM_TIM11_IRQHandler
                0x08000a78                OTG_HS_IRQHandler
                0x08000a78                EXTI1_IRQHandler
                0x08000a78                USART2_IRQHandler
                0x08000a78                I2C2_ER_IRQHandler
                0x08000a78                DMA2_Stream1_IRQHandler
                0x08000a78                CAN1_SCE_IRQHandler
                0x08000a78                FLASH_IRQHandler
                0x08000a78                DMA2_Stream4_IRQHandler
                0x08000a78                USART1_IRQHandler
                0x08000a78                OTG_FS_IRQHandler
                0x08000a78                SPI3_IRQHandler
                0x08000a78                DMA1_Stream4_IRQHandler
                0x08000a78                I2C1_ER_IRQHandler
                0x08000a78                DMA2_Stream6_IRQHandler
                0x08000a78                DMA1_Stream3_IRQHandler
 *fill*         0x08000a7a        0x2 
 .text.HAL_Init
                0x08000a7c       0x44 ./Drivers/STM32F4xx_HAL_Driver/Src/stm32f4xx_hal.o
                0x08000a7c                HAL_Init
 .text.HAL_IncTick
                0x08000ac0       0x28 ./Drivers/STM32F4xx_HAL_Driver/Src/stm32f4xx_hal.o
                0x08000ac0                HAL_IncTick
 .text.HAL_GetTick
                0x08000ae8       0x18 ./Drivers/STM32F4xx_HAL_Driver/Src/stm32f4xx_hal.o
                0x08000ae8                HAL_GetTick
 .text.__NVIC_SetPriorityGrouping
                0x08000b00       0x48 ./Drivers/STM32F4xx_HAL_Driver/Src/stm32f4xx_hal_cortex.o
 .text.__NVIC_GetPriorityGrouping
                0x08000b48       0x1c ./Drivers/STM32F4xx_HAL_Driver/Src/stm32f4xx_hal_cortex.o
 .text.__NVIC_EnableIRQ
                0x08000b64       0x3c ./Drivers/STM32F4xx_HAL_Driver/Src/stm32f4xx_hal_cortex.o
 .text.__NVIC_SetPriority
                0x08000ba0       0x54 ./Drivers/STM32F4xx_HAL_Driver/Src/stm32f4xx_hal_cortex.o
 .text.NVIC_EncodePriority
                0x08000bf4       0x66 ./Drivers/STM32F4xx_HAL_Driver/Src/stm32f4xx_hal_cortex.o
 *fill*         0x08000c5a        0x2 
 .text.HAL_NVIC_SetPriorityGrouping
                0x08000c5c       0x40 ./Drivers/STM32F4xx_HAL_Driver/Src/stm32f4xx_hal_cortex.o
                0x08000c5c                HAL_NVIC_SetPriorityGrouping
 .text.HAL_NVIC_SetPriority
                0x08000c9c       0x58 ./Drivers/STM32F4xx_HAL_Driver/Src/stm32f4xx_hal_cortex.o
                0x08000c9c                HAL_NVIC_SetPriority
 .text.HAL_NVIC_EnableIRQ
                0x08000cf4       0x30 ./Drivers/STM32F4xx_HAL_Driver/Src/stm32f4xx_hal_cortex.o
                0x08000cf4                HAL_NVIC_EnableIRQ
 .text.HAL_GPIO_Init
                0x08000d24      0x5c0 ./Drivers/STM32F4xx_HAL_Driver/Src/stm32f4xx_hal_gpio.o
                0x08000d24                HAL_GPIO_Init
 .text.HAL_GPIO_ReadPin
                0x080012e4       0x40 ./Drivers/STM32F4xx_HAL_Driver/Src/stm32f4xx_hal_gpio.o
                0x080012e4                HAL_GPIO_ReadPin
 .text.HAL_GPIO_WritePin
                0x08001324       0x58 ./Drivers/STM32F4xx_HAL_Driver/Src/stm32f4xx_hal_gpio.o
                0x08001324                HAL_GPIO_WritePin
 .text.HAL_RCC_OscConfig
                0x0800137c      0x658 ./Drivers/STM32F4xx_HAL_Driver/Src/stm32f4xx_hal_rcc.o
                0x0800137c                HAL_RCC_OscConfig
 .text.HAL_RCC_ClockConfig
                0x080019d4      0x31c ./Drivers/STM32F4xx_HAL_Driver/Src/stm32f4xx_hal_rcc.o
                0x080019d4                HAL_RCC_ClockConfig
 .text.HAL_RCC_GetSysClockFreq
                0x08001cf0      0x18c ./Drivers/STM32F4xx_HAL_Driver/Src/stm32f4xx_hal_rcc.o
                0x08001cf0                HAL_RCC_GetSysClockFreq
 .text.HAL_RCC_GetHCLKFreq
                0x08001e7c       0x18 ./Drivers/STM32F4xx_HAL_Driver/Src/stm32f4xx_hal_rcc.o
                0x08001e7c                HAL_RCC_GetHCLKFreq
 .text.HAL_RCC_GetPCLK2Freq
                0x08001e94       0x28 ./Drivers/STM32F4xx_HAL_Driver/Src/stm32f4xx_hal_rcc.o
                0x08001e94                HAL_RCC_GetPCLK2Freq
 .text.HAL_RCC_GetClockConfig
                0x08001ebc       0x64 ./Drivers/STM32F4xx_HAL_Driver/Src/stm32f4xx_hal_rcc.o
                0x08001ebc                HAL_RCC_GetClockConfig
 .text.HAL_TIM_Base_Init
                0x08001f20      0x230 ./Drivers/STM32F4xx_HAL_Driver/Src/stm32f4xx_hal_tim.o
                0x08001f20                HAL_TIM_Base_Init
 .text.HAL_TIM_Base_MspInit
                0x08002150       0x14 ./Drivers/STM32F4xx_HAL_Driver/Src/stm32f4xx_hal_tim.o
                0x08002150                HAL_TIM_Base_MspInit
 .text.HAL_TIM_Base_Start_IT
                0x08002164      0x18c ./Drivers/STM32F4xx_HAL_Driver/Src/stm32f4xx_hal_tim.o
                0x08002164                HAL_TIM_Base_Start_IT
 .text.HAL_TIM_IRQHandler
                0x080022f0      0x1e0 ./Drivers/STM32F4xx_HAL_Driver/Src/stm32f4xx_hal_tim.o
                0x080022f0                HAL_TIM_IRQHandler
 .text.HAL_TIM_OC_DelayElapsedCallback
                0x080024d0       0x14 ./Drivers/STM32F4xx_HAL_Driver/Src/stm32f4xx_hal_tim.o
                0x080024d0                HAL_TIM_OC_DelayElapsedCallback
 .text.HAL_TIM_IC_CaptureCallback
                0x080024e4       0x14 ./Drivers/STM32F4xx_HAL_Driver/Src/stm32f4xx_hal_tim.o
                0x080024e4                HAL_TIM_IC_CaptureCallback
 .text.HAL_TIM_PWM_PulseFinishedCallback
                0x080024f8       0x14 ./Drivers/STM32F4xx_HAL_Driver/Src/stm32f4xx_hal_tim.o
                0x080024f8                HAL_TIM_PWM_PulseFinishedCallback
 .text.HAL_TIM_TriggerCallback
                0x0800250c       0x14 ./Drivers/STM32F4xx_HAL_Driver/Src/stm32f4xx_hal_tim.o
                0x0800250c                HAL_TIM_TriggerCallback
 .text.TIM_Base_SetConfig
                0x08002520      0x158 ./Drivers/STM32F4xx_HAL_Driver/Src/stm32f4xx_hal_tim.o
                0x08002520                TIM_Base_SetConfig
 .text.HAL_TIMEx_CommutCallback
                0x08002678       0x14 ./Drivers/STM32F4xx_HAL_Driver/Src/stm32f4xx_hal_tim_ex.o
                0x08002678                HAL_TIMEx_CommutCallback
 .text.HAL_TIMEx_BreakCallback
                0x0800268c       0x14 ./Drivers/STM32F4xx_HAL_Driver/Src/stm32f4xx_hal_tim_ex.o
                0x0800268c                HAL_TIMEx_BreakCallback
 .text.vListInitialise
                0x080026a0       0x40 ./MiddleWare/FreeRTOS/list.o
                0x080026a0                vListInitialise
 .text.vListInitialiseItem
                0x080026e0       0x1a ./MiddleWare/FreeRTOS/list.o
                0x080026e0                vListInitialiseItem
 .text.vListInsert
                0x080026fa       0x72 ./MiddleWare/FreeRTOS/list.o
                0x080026fa                vListInsert
 .text.uxListRemove
                0x0800276c       0x54 ./MiddleWare/FreeRTOS/list.o
                0x0800276c                uxListRemove
 .text.xTaskCreate
                0x080027c0       0x8c ./MiddleWare/FreeRTOS/tasks.o
                0x080027c0                xTaskCreate
 .text.prvInitialiseNewTask
                0x0800284c      0x120 ./MiddleWare/FreeRTOS/tasks.o
 .text.prvAddNewTaskToReadyList
                0x0800296c      0x168 ./MiddleWare/FreeRTOS/tasks.o
 .text.vTaskDelay
                0x08002ad4       0x6c ./MiddleWare/FreeRTOS/tasks.o
                0x08002ad4                vTaskDelay
 .text.vTaskStartScheduler
                0x08002b40       0xb8 ./MiddleWare/FreeRTOS/tasks.o
                0x08002b40                vTaskStartScheduler
 .text.vTaskSuspendAll
                0x08002bf8       0x1c ./MiddleWare/FreeRTOS/tasks.o
                0x08002bf8                vTaskSuspendAll
 .text.xTaskResumeAll
                0x08002c14      0x200 ./MiddleWare/FreeRTOS/tasks.o
                0x08002c14                xTaskResumeAll
 .text.xTaskGetTickCountFromISR
                0x08002e14       0x24 ./MiddleWare/FreeRTOS/tasks.o
                0x08002e14                xTaskGetTickCountFromISR
 .text.xTaskIncrementTick
                0x08002e38      0x238 ./MiddleWare/FreeRTOS/tasks.o
                0x08002e38                xTaskIncrementTick
 .text.vTaskSwitchContext
                0x08003070       0xd4 ./MiddleWare/FreeRTOS/tasks.o
                0x08003070                vTaskSwitchContext
 .text.prvIdleTask
                0x08003144       0x30 ./MiddleWare/FreeRTOS/tasks.o
 .text.prvInitialiseTaskLists
                0x08003174       0x80 ./MiddleWare/FreeRTOS/tasks.o
 .text.prvCheckTasksWaitingTermination
                0x080031f4       0x5c ./MiddleWare/FreeRTOS/tasks.o
 .text.prvDeleteTCB
                0x08003250       0x20 ./MiddleWare/FreeRTOS/tasks.o
 .text.prvResetNextTaskUnblockTime
                0x08003270       0x38 ./MiddleWare/FreeRTOS/tasks.o
 .text.prvAddCurrentTaskToDelayedList
                0x080032a8      0x100 ./MiddleWare/FreeRTOS/tasks.o
 .text.pxPortInitialiseStack
                0x080033a8       0x68 ./MiddleWare/FreeRTOS/portable/GCC/ARM_CM4F/port.o
                0x080033a8                pxPortInitialiseStack
 .text.prvTaskExitError
                0x08003410       0x5c ./MiddleWare/FreeRTOS/portable/GCC/ARM_CM4F/port.o
 *fill*         0x0800346c        0x4 
 .text.SVC_Handler
                0x08003470       0x28 ./MiddleWare/FreeRTOS/portable/GCC/ARM_CM4F/port.o
                0x08003470                SVC_Handler
 .text.prvPortStartFirstTask
                0x08003498       0x2c ./MiddleWare/FreeRTOS/portable/GCC/ARM_CM4F/port.o
 .text.xPortStartScheduler
                0x080034c4      0x148 ./MiddleWare/FreeRTOS/portable/GCC/ARM_CM4F/port.o
                0x080034c4                xPortStartScheduler
 .text.vPortEnterCritical
                0x0800360c       0x64 ./MiddleWare/FreeRTOS/portable/GCC/ARM_CM4F/port.o
                0x0800360c                vPortEnterCritical
 .text.vPortExitCritical
                0x08003670       0x54 ./MiddleWare/FreeRTOS/portable/GCC/ARM_CM4F/port.o
                0x08003670                vPortExitCritical
 *fill*         0x080036c4        0xc 
 .text.PendSV_Handler
                0x080036d0       0x68 ./MiddleWare/FreeRTOS/portable/GCC/ARM_CM4F/port.o
                0x080036d0                PendSV_Handler
 .text.SysTick_Handler
                0x08003738       0x44 ./MiddleWare/FreeRTOS/portable/GCC/ARM_CM4F/port.o
                0x08003738                SysTick_Handler
 .text.vPortSetupTimerInterrupt
                0x0800377c       0x48 ./MiddleWare/FreeRTOS/portable/GCC/ARM_CM4F/port.o
                0x0800377c                vPortSetupTimerInterrupt
 .text.vPortEnableVFP
                0x080037c4       0x18 ./MiddleWare/FreeRTOS/portable/GCC/ARM_CM4F/port.o
 .text.vPortValidateInterruptPriority
                0x080037dc       0x84 ./MiddleWare/FreeRTOS/portable/GCC/ARM_CM4F/port.o
                0x080037dc                vPortValidateInterruptPriority
 .text.pvPortMalloc
                0x08003860      0x178 ./MiddleWare/FreeRTOS/portable/MemMang/heap_4.o
                0x08003860                pvPortMalloc
 .text.vPortFree
                0x080039d8       0xbc ./MiddleWare/FreeRTOS/portable/MemMang/heap_4.o
                0x080039d8                vPortFree
 .text.prvHeapInit
                0x08003a94       0xb8 ./MiddleWare/FreeRTOS/portable/MemMang/heap_4.o
 .text.prvInsertBlockIntoFreeList
                0x08003b4c       0xb4 ./MiddleWare/FreeRTOS/portable/MemMang/heap_4.o
 .text._cbSendSystemDesc
                0x08003c00       0x1c ./MiddleWare/SEGGER/Config/SEGGER_SYSVIEW_Config_FreeRTOS.o
 .text.SEGGER_SYSVIEW_Conf
                0x08003c1c       0x2c ./MiddleWare/SEGGER/Config/SEGGER_SYSVIEW_Config_FreeRTOS.o
                0x08003c1c                SEGGER_SYSVIEW_Conf
 .text._cbSendTaskList
                0x08003c48       0x90 ./MiddleWare/SEGGER/FreeRTOSV11/SEGGER_SYSVIEW_FreeRTOS.o
 .text._cbGetTime
                0x08003cd8       0x86 ./MiddleWare/SEGGER/FreeRTOSV11/SEGGER_SYSVIEW_FreeRTOS.o
 *fill*         0x08003d5e        0x2 
 .text.SYSVIEW_AddTask
                0x08003d60       0xd0 ./MiddleWare/SEGGER/FreeRTOSV11/SEGGER_SYSVIEW_FreeRTOS.o
                0x08003d60                SYSVIEW_AddTask
 .text.SYSVIEW_SendTaskInfo
                0x08003e30       0x42 ./MiddleWare/SEGGER/FreeRTOSV11/SEGGER_SYSVIEW_FreeRTOS.o
                0x08003e30                SYSVIEW_SendTaskInfo
 *fill*         0x08003e72        0x2 
 .text._DoInit  0x08003e74       0xb4 ./MiddleWare/SEGGER/SEGGER/SEGGER_RTT.o
 .text.SEGGER_RTT_ReadNoLock
                0x08003f28      0x10c ./MiddleWare/SEGGER/SEGGER/SEGGER_RTT.o
                0x08003f28                SEGGER_RTT_ReadNoLock
 .text.SEGGER_RTT_AllocUpBuffer
                0x08004034      0x108 ./MiddleWare/SEGGER/SEGGER/SEGGER_RTT.o
                0x08004034                SEGGER_RTT_AllocUpBuffer
 .text.SEGGER_RTT_ConfigDownBuffer
                0x0800413c       0x98 ./MiddleWare/SEGGER/SEGGER/SEGGER_RTT.o
                0x0800413c                SEGGER_RTT_ConfigDownBuffer
 .text._EncodeStr
                0x080041d4       0x60 ./MiddleWare/SEGGER/SEGGER/SEGGER_SYSVIEW.o
 .text._PreparePacket
                0x08004234       0x18 ./MiddleWare/SEGGER/SEGGER/SEGGER_SYSVIEW.o
 .text._HandleIncomingPacket
                0x0800424c       0xdc ./MiddleWare/SEGGER/SEGGER/SEGGER_SYSVIEW.o
 .text._TrySendOverflowPacket
                0x08004328       0xe4 ./MiddleWare/SEGGER/SEGGER/SEGGER_SYSVIEW.o
 .text._SendPacket
                0x0800440c      0x2dc ./MiddleWare/SEGGER/SEGGER/SEGGER_SYSVIEW.o
 .text._VPrintHost
                0x080046e8      0x17c ./MiddleWare/SEGGER/SEGGER/SEGGER_SYSVIEW.o
 .text.SEGGER_SYSVIEW_Init
                0x08004864       0x88 ./MiddleWare/SEGGER/SEGGER/SEGGER_SYSVIEW.o
                0x08004864                SEGGER_SYSVIEW_Init
 .text.SEGGER_SYSVIEW_SetRAMBase
                0x080048ec       0x20 ./MiddleWare/SEGGER/SEGGER/SEGGER_SYSVIEW.o
                0x080048ec                SEGGER_SYSVIEW_SetRAMBase
 .text.SEGGER_SYSVIEW_RecordVoid
                0x0800490c       0x3c ./MiddleWare/SEGGER/SEGGER/SEGGER_SYSVIEW.o
                0x0800490c                SEGGER_SYSVIEW_RecordVoid
 .text.SEGGER_SYSVIEW_RecordU32
                0x08004948       0x78 ./MiddleWare/SEGGER/SEGGER/SEGGER_SYSVIEW.o
                0x08004948                SEGGER_SYSVIEW_RecordU32
 .text.SEGGER_SYSVIEW_RecordU32x2
                0x080049c0       0xb4 ./MiddleWare/SEGGER/SEGGER/SEGGER_SYSVIEW.o
                0x080049c0                SEGGER_SYSVIEW_RecordU32x2
 .text.SEGGER_SYSVIEW_Start
                0x08004a74      0x174 ./MiddleWare/SEGGER/SEGGER/SEGGER_SYSVIEW.o
                0x08004a74                SEGGER_SYSVIEW_Start
 .text.SEGGER_SYSVIEW_Stop
                0x08004be8       0x4c ./MiddleWare/SEGGER/SEGGER/SEGGER_SYSVIEW.o
                0x08004be8                SEGGER_SYSVIEW_Stop
 .text.SEGGER_SYSVIEW_GetSysDesc
                0x08004c34      0x134 ./MiddleWare/SEGGER/SEGGER/SEGGER_SYSVIEW.o
                0x08004c34                SEGGER_SYSVIEW_GetSysDesc
 .text.SEGGER_SYSVIEW_SendTaskInfo
                0x08004d68      0x1c8 ./MiddleWare/SEGGER/SEGGER/SEGGER_SYSVIEW.o
                0x08004d68                SEGGER_SYSVIEW_SendTaskInfo
 .text.SEGGER_SYSVIEW_SendTaskList
                0x08004f30       0x28 ./MiddleWare/SEGGER/SEGGER/SEGGER_SYSVIEW.o
                0x08004f30                SEGGER_SYSVIEW_SendTaskList
 .text.SEGGER_SYSVIEW_SendSysDesc
                0x08004f58       0x48 ./MiddleWare/SEGGER/SEGGER/SEGGER_SYSVIEW.o
                0x08004f58                SEGGER_SYSVIEW_SendSysDesc
 .text.SEGGER_SYSVIEW_RecordSystime
                0x08004fa0       0x64 ./MiddleWare/SEGGER/SEGGER/SEGGER_SYSVIEW.o
                0x08004fa0                SEGGER_SYSVIEW_RecordSystime
 .text.SEGGER_SYSVIEW_OnIdle
                0x08005004       0x38 ./MiddleWare/SEGGER/SEGGER/SEGGER_SYSVIEW.o
                0x08005004                SEGGER_SYSVIEW_OnIdle
 .text.SEGGER_SYSVIEW_OnTaskCreate
                0x0800503c       0x84 ./MiddleWare/SEGGER/SEGGER/SEGGER_SYSVIEW.o
                0x0800503c                SEGGER_SYSVIEW_OnTaskCreate
 .text.SEGGER_SYSVIEW_OnTaskStartExec
                0x080050c0       0x84 ./MiddleWare/SEGGER/SEGGER/SEGGER_SYSVIEW.o
                0x080050c0                SEGGER_SYSVIEW_OnTaskStartExec
 .text.SEGGER_SYSVIEW_OnTaskStartReady
                0x08005144       0x84 ./MiddleWare/SEGGER/SEGGER/SEGGER_SYSVIEW.o
                0x08005144                SEGGER_SYSVIEW_OnTaskStartReady
 .text.SEGGER_SYSVIEW_SendModule
                0x080051c8      0x114 ./MiddleWare/SEGGER/SEGGER/SEGGER_SYSVIEW.o
                0x080051c8                SEGGER_SYSVIEW_SendModule
 .text.SEGGER_SYSVIEW_SendModuleDescription
                0x080052dc       0x3c ./MiddleWare/SEGGER/SEGGER/SEGGER_SYSVIEW.o
                0x080052dc                SEGGER_SYSVIEW_SendModuleDescription
 .text.SEGGER_SYSVIEW_SendNumModules
                0x08005318       0x7c ./MiddleWare/SEGGER/SEGGER/SEGGER_SYSVIEW.o
                0x08005318                SEGGER_SYSVIEW_SendNumModules
 .text.SEGGER_SYSVIEW_PrintfHost
                0x08005394       0x28 ./MiddleWare/SEGGER/SEGGER/SEGGER_SYSVIEW.o
                0x08005394                SEGGER_SYSVIEW_PrintfHost
 .text.SEGGER_SYSVIEW_Warn
                0x080053bc       0xb8 ./MiddleWare/SEGGER/SEGGER/SEGGER_SYSVIEW.o
                0x080053bc                SEGGER_SYSVIEW_Warn
 .text.memcmp   0x08005474       0x20 C:/ST/STM32CubeIDE_1.15.1/STM32CubeIDE/plugins/com.st.stm32cube.ide.mcu.externaltools.gnu-tools-for-stm32.12.3.rel1.win32_1.0.100.202403111256/tools/bin/../lib/gcc/arm-none-eabi/12.3.1/../../../../arm-none-eabi/lib/thumb/v7e-m+fp/hard\libc_nano.a(libc_a-memcmp.o)
                0x08005474                memcmp
 .text.memset   0x08005494       0x10 C:/ST/STM32CubeIDE_1.15.1/STM32CubeIDE/plugins/com.st.stm32cube.ide.mcu.externaltools.gnu-tools-for-stm32.12.3.rel1.win32_1.0.100.202403111256/tools/bin/../lib/gcc/arm-none-eabi/12.3.1/../../../../arm-none-eabi/lib/thumb/v7e-m+fp/hard\libc_nano.a(libc_a-memset.o)
                0x08005494                memset
 .text.__libc_init_array
                0x080054a4       0x48 C:/ST/STM32CubeIDE_1.15.1/STM32CubeIDE/plugins/com.st.stm32cube.ide.mcu.externaltools.gnu-tools-for-stm32.12.3.rel1.win32_1.0.100.202403111256/tools/bin/../lib/gcc/arm-none-eabi/12.3.1/../../../../arm-none-eabi/lib/thumb/v7e-m+fp/hard\libc_nano.a(libc_a-init.o)
                0x080054a4                __libc_init_array
 .text.memcpy   0x080054ec       0x1c C:/ST/STM32CubeIDE_1.15.1/STM32CubeIDE/plugins/com.st.stm32cube.ide.mcu.externaltools.gnu-tools-for-stm32.12.3.rel1.win32_1.0.100.202403111256/tools/bin/../lib/gcc/arm-none-eabi/12.3.1/../../../../arm-none-eabi/lib/thumb/v7e-m+fp/hard\libc_nano.a(libc_a-memcpy-stub.o)
                0x080054ec                memcpy
 *(.glue_7)
 .glue_7        0x08005508        0x0 linker stubs
 *(.glue_7t)
 .glue_7t       0x08005508        0x0 linker stubs
 *(.eh_frame)
 .eh_frame      0x08005508        0x0 C:/ST/STM32CubeIDE_1.15.1/STM32CubeIDE/plugins/com.st.stm32cube.ide.mcu.externaltools.gnu-tools-for-stm32.12.3.rel1.win32_1.0.100.202403111256/tools/bin/../lib/gcc/arm-none-eabi/12.3.1/thumb/v7e-m+fp/hard/crtbegin.o
 *(.init)
 .init          0x08005508        0x4 C:/ST/STM32CubeIDE_1.15.1/STM32CubeIDE/plugins/com.st.stm32cube.ide.mcu.externaltools.gnu-tools-for-stm32.12.3.rel1.win32_1.0.100.202403111256/tools/bin/../lib/gcc/arm-none-eabi/12.3.1/thumb/v7e-m+fp/hard/crti.o
                0x08005508                _init
 .init          0x0800550c        0x8 C:/ST/STM32CubeIDE_1.15.1/STM32CubeIDE/plugins/com.st.stm32cube.ide.mcu.externaltools.gnu-tools-for-stm32.12.3.rel1.win32_1.0.100.202403111256/tools/bin/../lib/gcc/arm-none-eabi/12.3.1/thumb/v7e-m+fp/hard/crtn.o
 *(.fini)
 .fini          0x08005514        0x4 C:/ST/STM32CubeIDE_1.15.1/STM32CubeIDE/plugins/com.st.stm32cube.ide.mcu.externaltools.gnu-tools-for-stm32.12.3.rel1.win32_1.0.100.202403111256/tools/bin/../lib/gcc/arm-none-eabi/12.3.1/thumb/v7e-m+fp/hard/crti.o
                0x08005514                _fini
 .fini          0x08005518        0x8 C:/ST/STM32CubeIDE_1.15.1/STM32CubeIDE/plugins/com.st.stm32cube.ide.mcu.externaltools.gnu-tools-for-stm32.12.3.rel1.win32_1.0.100.202403111256/tools/bin/../lib/gcc/arm-none-eabi/12.3.1/thumb/v7e-m+fp/hard/crtn.o
                0x08005520                        . = ALIGN (0x4)
                0x08005520                        _etext = .

.vfp11_veneer   0x08005520        0x0
 .vfp11_veneer  0x08005520        0x0 linker stubs

.v4_bx          0x08005520        0x0
 .v4_bx         0x08005520        0x0 linker stubs

.iplt           0x08005520        0x0
 .iplt          0x08005520        0x0 C:/ST/STM32CubeIDE_1.15.1/STM32CubeIDE/plugins/com.st.stm32cube.ide.mcu.externaltools.gnu-tools-for-stm32.12.3.rel1.win32_1.0.100.202403111256/tools/bin/../lib/gcc/arm-none-eabi/12.3.1/thumb/v7e-m+fp/hard/crtbegin.o

.rodata         0x08005520      0x270
                0x08005520                        . = ALIGN (0x4)
 *(.rodata)
 .rodata        0x08005520       0x86 ./Core/Src/main.o
 *fill*         0x080055a6        0x2 
 .rodata        0x080055a8       0x3b ./Drivers/STM32F4xx_HAL_Driver/Src/stm32f4xx_hal_cortex.o
 *fill*         0x080055e3        0x1 
 .rodata        0x080055e4       0x39 ./Drivers/STM32F4xx_HAL_Driver/Src/stm32f4xx_hal_gpio.o
 *fill*         0x0800561d        0x3 
 .rodata        0x08005620       0x38 ./Drivers/STM32F4xx_HAL_Driver/Src/stm32f4xx_hal_rcc.o
 .rodata        0x08005658       0x38 ./Drivers/STM32F4xx_HAL_Driver/Src/stm32f4xx_hal_tim.o
 .rodata        0x08005690        0x5 ./MiddleWare/FreeRTOS/tasks.o
 *fill*         0x08005695        0x3 
 .rodata        0x08005698       0x41 ./MiddleWare/SEGGER/Config/SEGGER_SYSVIEW_Config_FreeRTOS.o
 *fill*         0x080056d9        0x3 
 .rodata        0x080056dc       0x58 ./MiddleWare/SEGGER/FreeRTOSV11/SEGGER_SYSVIEW_FreeRTOS.o
 .rodata        0x08005734        0x9 ./MiddleWare/SEGGER/SEGGER/SEGGER_RTT.o
 *fill*         0x0800573d        0x3 
 .rodata        0x08005740       0x10 ./MiddleWare/SEGGER/SEGGER/SEGGER_SYSVIEW.o
 *(.rodata*)
 .rodata.AHBPrescTable
                0x08005750       0x10 ./Core/Src/system_stm32f4xx.o
                0x08005750                AHBPrescTable
 .rodata.APBPrescTable
                0x08005760        0x8 ./Core/Src/system_stm32f4xx.o
                0x08005760                APBPrescTable
 .rodata.SYSVIEW_X_OS_TraceAPI
                0x08005768        0x8 ./MiddleWare/SEGGER/FreeRTOSV11/SEGGER_SYSVIEW_FreeRTOS.o
                0x08005768                SYSVIEW_X_OS_TraceAPI
 .rodata._aInitStr.0
                0x08005770       0x11 ./MiddleWare/SEGGER/SEGGER/SEGGER_RTT.o
 *fill*         0x08005781        0x3 
 .rodata._abSync
                0x08005784        0xa ./MiddleWare/SEGGER/SEGGER/SEGGER_SYSVIEW.o
                0x08005790                        . = ALIGN (0x4)
 *fill*         0x0800578e        0x2 

.ARM.extab      0x08005790        0x0
                0x08005790                        . = ALIGN (0x4)
 *(.ARM.extab* .gnu.linkonce.armextab.*)
                0x08005790                        . = ALIGN (0x4)

.ARM            0x08005790        0x8
                0x08005790                        . = ALIGN (0x4)
                0x08005790                        __exidx_start = .
 *(.ARM.exidx*)
 .ARM.exidx     0x08005790        0x8 C:/ST/STM32CubeIDE_1.15.1/STM32CubeIDE/plugins/com.st.stm32cube.ide.mcu.externaltools.gnu-tools-for-stm32.12.3.rel1.win32_1.0.100.202403111256/tools/bin/../lib/gcc/arm-none-eabi/12.3.1/thumb/v7e-m+fp/hard\libgcc.a(_udivmoddi4.o)
                0x08005798                        __exidx_end = .
                0x08005798                        . = ALIGN (0x4)

.preinit_array  0x08005798        0x0
                0x08005798                        . = ALIGN (0x4)
                0x08005798                        PROVIDE (__preinit_array_start = .)
 *(.preinit_array*)
                0x08005798                        PROVIDE (__preinit_array_end = .)
                0x08005798                        . = ALIGN (0x4)

.init_array     0x08005798        0x4
                0x08005798                        . = ALIGN (0x4)
                0x08005798                        PROVIDE (__init_array_start = .)
 *(SORT_BY_NAME(.init_array.*))
 *(.init_array*)
 .init_array    0x08005798        0x4 C:/ST/STM32CubeIDE_1.15.1/STM32CubeIDE/plugins/com.st.stm32cube.ide.mcu.externaltools.gnu-tools-for-stm32.12.3.rel1.win32_1.0.100.202403111256/tools/bin/../lib/gcc/arm-none-eabi/12.3.1/thumb/v7e-m+fp/hard/crtbegin.o
                0x0800579c                        PROVIDE (__init_array_end = .)
                0x0800579c                        . = ALIGN (0x4)

.fini_array     0x0800579c        0x4
                0x0800579c                        . = ALIGN (0x4)
                [!provide]                        PROVIDE (__fini_array_start = .)
 *(SORT_BY_NAME(.fini_array.*))
 *(.fini_array*)
 .fini_array    0x0800579c        0x4 C:/ST/STM32CubeIDE_1.15.1/STM32CubeIDE/plugins/com.st.stm32cube.ide.mcu.externaltools.gnu-tools-for-stm32.12.3.rel1.win32_1.0.100.202403111256/tools/bin/../lib/gcc/arm-none-eabi/12.3.1/thumb/v7e-m+fp/hard/crtbegin.o
                [!provide]                        PROVIDE (__fini_array_end = .)
                0x080057a0                        . = ALIGN (0x4)
                0x080057a0                        _sidata = LOADADDR (.data)

.rel.dyn        0x080057a0        0x0
 .rel.iplt      0x080057a0        0x0 C:/ST/STM32CubeIDE_1.15.1/STM32CubeIDE/plugins/com.st.stm32cube.ide.mcu.externaltools.gnu-tools-for-stm32.12.3.rel1.win32_1.0.100.202403111256/tools/bin/../lib/gcc/arm-none-eabi/12.3.1/thumb/v7e-m+fp/hard/crtbegin.o

.data           0x20000000       0x14 load address 0x080057a0
                0x20000000                        . = ALIGN (0x4)
                0x20000000                        _sdata = .
 *(.data)
 *(.data*)
 .data.SystemCoreClock
                0x20000000        0x4 ./Core/Src/system_stm32f4xx.o
                0x20000000                SystemCoreClock
 .data.uwTickPrio
                0x20000004        0x4 ./Drivers/STM32F4xx_HAL_Driver/Src/stm32f4xx_hal.o
                0x20000004                uwTickPrio
 .data.uwTickFreq
                0x20000008        0x1 ./Drivers/STM32F4xx_HAL_Driver/Src/stm32f4xx_hal.o
                0x20000008                uwTickFreq
 *fill*         0x20000009        0x3 
 .data.uxTopUsedPriority
                0x2000000c        0x4 ./MiddleWare/FreeRTOS/tasks.o
                0x2000000c                uxTopUsedPriority
 .data.uxCriticalNesting
                0x20000010        0x4 ./MiddleWare/FreeRTOS/portable/GCC/ARM_CM4F/port.o
 *(.RamFunc)
 *(.RamFunc*)
                0x20000014                        . = ALIGN (0x4)
                0x20000014                        _edata = .
                0x080057b4                        _siccmram = LOADADDR (.ccmram)

.igot.plt       0x20000014        0x0 load address 0x080057b4
 .igot.plt      0x20000014        0x0 C:/ST/STM32CubeIDE_1.15.1/STM32CubeIDE/plugins/com.st.stm32cube.ide.mcu.externaltools.gnu-tools-for-stm32.12.3.rel1.win32_1.0.100.202403111256/tools/bin/../lib/gcc/arm-none-eabi/12.3.1/thumb/v7e-m+fp/hard/crtbegin.o

.ccmram         0x10000000        0x0 load address 0x080057b4
                0x10000000                        . = ALIGN (0x4)
                0x10000000                        _sccmram = .
 *(.ccmram)
 *(.ccmram*)
                0x10000000                        . = ALIGN (0x4)
                0x10000000                        _eccmram = .
                0x10000000                        . = ALIGN (0x4)

.bss            0x20000014    0x1380c
                0x20000014                        _sbss = .
                0x20000014                        __bss_start__ = _sbss
 *(.bss)
 .bss           0x20000014       0x1c C:/ST/STM32CubeIDE_1.15.1/STM32CubeIDE/plugins/com.st.stm32cube.ide.mcu.externaltools.gnu-tools-for-stm32.12.3.rel1.win32_1.0.100.202403111256/tools/bin/../lib/gcc/arm-none-eabi/12.3.1/thumb/v7e-m+fp/hard/crtbegin.o
 *(.bss*)
 .bss.flag      0x20000030        0x4 ./Core/Src/main.o
                0x20000030                flag
 .bss.htim1     0x20000034       0x48 ./Core/Src/stm32f4xx_hal_timebase_tim.o
                0x20000034                htim1
 .bss.uwTick    0x2000007c        0x4 ./Drivers/STM32F4xx_HAL_Driver/Src/stm32f4xx_hal.o
                0x2000007c                uwTick
 .bss.pxCurrentTCB
                0x20000080        0x4 ./MiddleWare/FreeRTOS/tasks.o
                0x20000080                pxCurrentTCB
 .bss.pxReadyTasksLists
                0x20000084       0x64 ./MiddleWare/FreeRTOS/tasks.o
 .bss.xDelayedTaskList1
                0x200000e8       0x14 ./MiddleWare/FreeRTOS/tasks.o
 .bss.xDelayedTaskList2
                0x200000fc       0x14 ./MiddleWare/FreeRTOS/tasks.o
 .bss.pxDelayedTaskList
                0x20000110        0x4 ./MiddleWare/FreeRTOS/tasks.o
 .bss.pxOverflowDelayedTaskList
                0x20000114        0x4 ./MiddleWare/FreeRTOS/tasks.o
 .bss.xPendingReadyList
                0x20000118       0x14 ./MiddleWare/FreeRTOS/tasks.o
 .bss.xTasksWaitingTermination
                0x2000012c       0x14 ./MiddleWare/FreeRTOS/tasks.o
 .bss.uxDeletedTasksWaitingCleanUp
                0x20000140        0x4 ./MiddleWare/FreeRTOS/tasks.o
 .bss.xSuspendedTaskList
                0x20000144       0x14 ./MiddleWare/FreeRTOS/tasks.o
 .bss.uxCurrentNumberOfTasks
                0x20000158        0x4 ./MiddleWare/FreeRTOS/tasks.o
 .bss.xTickCount
                0x2000015c        0x4 ./MiddleWare/FreeRTOS/tasks.o
 .bss.uxTopReadyPriority
                0x20000160        0x4 ./MiddleWare/FreeRTOS/tasks.o
 .bss.xSchedulerRunning
                0x20000164        0x4 ./MiddleWare/FreeRTOS/tasks.o
 .bss.xPendedTicks
                0x20000168        0x4 ./MiddleWare/FreeRTOS/tasks.o
 .bss.xYieldPending
                0x2000016c        0x4 ./MiddleWare/FreeRTOS/tasks.o
 .bss.xNumOfOverflows
                0x20000170        0x4 ./MiddleWare/FreeRTOS/tasks.o
 .bss.uxTaskNumber
                0x20000174        0x4 ./MiddleWare/FreeRTOS/tasks.o
 .bss.xNextTaskUnblockTime
                0x20000178        0x4 ./MiddleWare/FreeRTOS/tasks.o
 .bss.xIdleTaskHandle
                0x2000017c        0x4 ./MiddleWare/FreeRTOS/tasks.o
 .bss.uxSchedulerSuspended
                0x20000180        0x4 ./MiddleWare/FreeRTOS/tasks.o
 .bss.ucMaxSysCallPriority
                0x20000184        0x1 ./MiddleWare/FreeRTOS/portable/GCC/ARM_CM4F/port.o
 *fill*         0x20000185        0x3 
 .bss.ulMaxPRIGROUPValue
                0x20000188        0x4 ./MiddleWare/FreeRTOS/portable/GCC/ARM_CM4F/port.o
 .bss.ucHeap    0x2000018c    0x12c00 ./MiddleWare/FreeRTOS/portable/MemMang/heap_4.o
 .bss.xStart    0x20012d8c        0x8 ./MiddleWare/FreeRTOS/portable/MemMang/heap_4.o
 .bss.pxEnd     0x20012d94        0x4 ./MiddleWare/FreeRTOS/portable/MemMang/heap_4.o
 .bss.xFreeBytesRemaining
                0x20012d98        0x4 ./MiddleWare/FreeRTOS/portable/MemMang/heap_4.o
 .bss.xMinimumEverFreeBytesRemaining
                0x20012d9c        0x4 ./MiddleWare/FreeRTOS/portable/MemMang/heap_4.o
 .bss.xNumberOfSuccessfulAllocations
                0x20012da0        0x4 ./MiddleWare/FreeRTOS/portable/MemMang/heap_4.o
 .bss.xNumberOfSuccessfulFrees
                0x20012da4        0x4 ./MiddleWare/FreeRTOS/portable/MemMang/heap_4.o
 .bss._aTasks   0x20012da8       0xa0 ./MiddleWare/SEGGER/FreeRTOSV11/SEGGER_SYSVIEW_FreeRTOS.o
 .bss._NumTasks
                0x20012e48        0x4 ./MiddleWare/SEGGER/FreeRTOSV11/SEGGER_SYSVIEW_FreeRTOS.o
 .bss._SEGGER_RTT
                0x20012e4c       0xa8 ./MiddleWare/SEGGER/SEGGER/SEGGER_RTT.o
                0x20012e4c                _SEGGER_RTT
 .bss._acUpBuffer
                0x20012ef4      0x400 ./MiddleWare/SEGGER/SEGGER/SEGGER_RTT.o
 .bss._acDownBuffer
                0x200132f4       0x10 ./MiddleWare/SEGGER/SEGGER/SEGGER_RTT.o
 .bss._UpBuffer
                0x20013304      0x400 ./MiddleWare/SEGGER/SEGGER/SEGGER_SYSVIEW.o
 .bss._DownBuffer
                0x20013704        0x8 ./MiddleWare/SEGGER/SEGGER/SEGGER_SYSVIEW.o
 .bss._SYSVIEW_Globals
                0x2001370c       0x28 ./MiddleWare/SEGGER/SEGGER/SEGGER_SYSVIEW.o
 .bss._pFirstModule
                0x20013734        0x4 ./MiddleWare/SEGGER/SEGGER/SEGGER_SYSVIEW.o
 .bss._NumModules
                0x20013738        0x1 ./MiddleWare/SEGGER/SEGGER/SEGGER_SYSVIEW.o
 *fill*         0x20013739        0x3 
 .bss._aPacket  0x2001373c       0xe3 ./MiddleWare/SEGGER/SEGGER/SEGGER_SYSVIEW.o
 *(COMMON)
                0x20013820                        . = ALIGN (0x4)
 *fill*         0x2001381f        0x1 
                0x20013820                        _ebss = .
                0x20013820                        __bss_end__ = _ebss

._user_heap_stack
                0x20013820      0x600
                0x20013820                        . = ALIGN (0x8)
                0x20013820                        PROVIDE (end = .)
                [!provide]                        PROVIDE (_end = .)
                0x20013a20                        . = (. + _Min_Heap_Size)
 *fill*         0x20013820      0x200 
                0x20013e20                        . = (. + _Min_Stack_Size)
 *fill*         0x20013a20      0x400 
                0x20013e20                        . = ALIGN (0x8)

/DISCARD/
 libc.a(*)
 libm.a(*)
 libgcc.a(*)

.ARM.attributes
                0x00000000       0x30
 *(.ARM.attributes)
 .ARM.attributes
                0x00000000       0x22 C:/ST/STM32CubeIDE_1.15.1/STM32CubeIDE/plugins/com.st.stm32cube.ide.mcu.externaltools.gnu-tools-for-stm32.12.3.rel1.win32_1.0.100.202403111256/tools/bin/../lib/gcc/arm-none-eabi/12.3.1/thumb/v7e-m+fp/hard/crti.o
 .ARM.attributes
                0x00000022       0x34 C:/ST/STM32CubeIDE_1.15.1/STM32CubeIDE/plugins/com.st.stm32cube.ide.mcu.externaltools.gnu-tools-for-stm32.12.3.rel1.win32_1.0.100.202403111256/tools/bin/../lib/gcc/arm-none-eabi/12.3.1/thumb/v7e-m+fp/hard/crtbegin.o
 .ARM.attributes
                0x00000056       0x34 ./Core/Src/main.o
 .ARM.attributes
                0x0000008a       0x34 ./Core/Src/stm32f4xx_hal_msp.o
 .ARM.attributes
                0x000000be       0x34 ./Core/Src/stm32f4xx_hal_timebase_tim.o
 .ARM.attributes
                0x000000f2       0x34 ./Core/Src/stm32f4xx_it.o
 .ARM.attributes
                0x00000126       0x34 ./Core/Src/system_stm32f4xx.o
 .ARM.attributes
                0x0000015a       0x21 ./Core/Startup/startup_stm32f407vgtx.o
 .ARM.attributes
                0x0000017b       0x34 ./Drivers/STM32F4xx_HAL_Driver/Src/stm32f4xx_hal.o
 .ARM.attributes
                0x000001af       0x34 ./Drivers/STM32F4xx_HAL_Driver/Src/stm32f4xx_hal_cortex.o
 .ARM.attributes
                0x000001e3       0x34 ./Drivers/STM32F4xx_HAL_Driver/Src/stm32f4xx_hal_gpio.o
 .ARM.attributes
                0x00000217       0x34 ./Drivers/STM32F4xx_HAL_Driver/Src/stm32f4xx_hal_rcc.o
 .ARM.attributes
                0x0000024b       0x34 ./Drivers/STM32F4xx_HAL_Driver/Src/stm32f4xx_hal_tim.o
 .ARM.attributes
                0x0000027f       0x34 ./Drivers/STM32F4xx_HAL_Driver/Src/stm32f4xx_hal_tim_ex.o
 .ARM.attributes
                0x000002b3       0x34 ./MiddleWare/FreeRTOS/list.o
 .ARM.attributes
                0x000002e7       0x34 ./MiddleWare/FreeRTOS/tasks.o
 .ARM.attributes
                0x0000031b       0x34 ./MiddleWare/FreeRTOS/portable/GCC/ARM_CM4F/port.o
 .ARM.attributes
                0x0000034f       0x34 ./MiddleWare/FreeRTOS/portable/MemMang/heap_4.o
 .ARM.attributes
                0x00000383       0x34 ./MiddleWare/SEGGER/Config/SEGGER_SYSVIEW_Config_FreeRTOS.o
 .ARM.attributes
                0x000003b7       0x34 ./MiddleWare/SEGGER/FreeRTOSV11/SEGGER_SYSVIEW_FreeRTOS.o
 .ARM.attributes
                0x000003eb       0x34 ./MiddleWare/SEGGER/SEGGER/SEGGER_RTT.o
 .ARM.attributes
                0x0000041f       0x20 ./MiddleWare/SEGGER/SEGGER/SEGGER_RTT_ASM_ARMv7M.o
 .ARM.attributes
                0x0000043f       0x34 ./MiddleWare/SEGGER/SEGGER/SEGGER_SYSVIEW.o
 .ARM.attributes
                0x00000473       0x34 C:/ST/STM32CubeIDE_1.15.1/STM32CubeIDE/plugins/com.st.stm32cube.ide.mcu.externaltools.gnu-tools-for-stm32.12.3.rel1.win32_1.0.100.202403111256/tools/bin/../lib/gcc/arm-none-eabi/12.3.1/../../../../arm-none-eabi/lib/thumb/v7e-m+fp/hard\libc_nano.a(libc_a-memcmp.o)
 .ARM.attributes
                0x000004a7       0x34 C:/ST/STM32CubeIDE_1.15.1/STM32CubeIDE/plugins/com.st.stm32cube.ide.mcu.externaltools.gnu-tools-for-stm32.12.3.rel1.win32_1.0.100.202403111256/tools/bin/../lib/gcc/arm-none-eabi/12.3.1/../../../../arm-none-eabi/lib/thumb/v7e-m+fp/hard\libc_nano.a(libc_a-memset.o)
 .ARM.attributes
                0x000004db       0x34 C:/ST/STM32CubeIDE_1.15.1/STM32CubeIDE/plugins/com.st.stm32cube.ide.mcu.externaltools.gnu-tools-for-stm32.12.3.rel1.win32_1.0.100.202403111256/tools/bin/../lib/gcc/arm-none-eabi/12.3.1/../../../../arm-none-eabi/lib/thumb/v7e-m+fp/hard\libc_nano.a(libc_a-init.o)
 .ARM.attributes
                0x0000050f       0x34 C:/ST/STM32CubeIDE_1.15.1/STM32CubeIDE/plugins/com.st.stm32cube.ide.mcu.externaltools.gnu-tools-for-stm32.12.3.rel1.win32_1.0.100.202403111256/tools/bin/../lib/gcc/arm-none-eabi/12.3.1/../../../../arm-none-eabi/lib/thumb/v7e-m+fp/hard\libc_nano.a(libc_a-memcpy-stub.o)
 .ARM.attributes
                0x00000543       0x22 C:/ST/STM32CubeIDE_1.15.1/STM32CubeIDE/plugins/com.st.stm32cube.ide.mcu.externaltools.gnu-tools-for-stm32.12.3.rel1.win32_1.0.100.202403111256/tools/bin/../lib/gcc/arm-none-eabi/12.3.1/thumb/v7e-m+fp/hard\libgcc.a(_aeabi_uldivmod.o)
 .ARM.attributes
                0x00000565       0x34 C:/ST/STM32CubeIDE_1.15.1/STM32CubeIDE/plugins/com.st.stm32cube.ide.mcu.externaltools.gnu-tools-for-stm32.12.3.rel1.win32_1.0.100.202403111256/tools/bin/../lib/gcc/arm-none-eabi/12.3.1/thumb/v7e-m+fp/hard\libgcc.a(_udivmoddi4.o)
 .ARM.attributes
                0x00000599       0x22 C:/ST/STM32CubeIDE_1.15.1/STM32CubeIDE/plugins/com.st.stm32cube.ide.mcu.externaltools.gnu-tools-for-stm32.12.3.rel1.win32_1.0.100.202403111256/tools/bin/../lib/gcc/arm-none-eabi/12.3.1/thumb/v7e-m+fp/hard\libgcc.a(_dvmd_tls.o)
 .ARM.attributes
                0x000005bb       0x22 C:/ST/STM32CubeIDE_1.15.1/STM32CubeIDE/plugins/com.st.stm32cube.ide.mcu.externaltools.gnu-tools-for-stm32.12.3.rel1.win32_1.0.100.202403111256/tools/bin/../lib/gcc/arm-none-eabi/12.3.1/thumb/v7e-m+fp/hard/crtn.o
OUTPUT(ROTOS_LAB_1.elf elf32-littlearm)
LOAD linker stubs
LOAD C:/ST/STM32CubeIDE_1.15.1/STM32CubeIDE/plugins/com.st.stm32cube.ide.mcu.externaltools.gnu-tools-for-stm32.12.3.rel1.win32_1.0.100.202403111256/tools/bin/../lib/gcc/arm-none-eabi/12.3.1/../../../../arm-none-eabi/lib/thumb/v7e-m+fp/hard\libc.a
LOAD C:/ST/STM32CubeIDE_1.15.1/STM32CubeIDE/plugins/com.st.stm32cube.ide.mcu.externaltools.gnu-tools-for-stm32.12.3.rel1.win32_1.0.100.202403111256/tools/bin/../lib/gcc/arm-none-eabi/12.3.1/../../../../arm-none-eabi/lib/thumb/v7e-m+fp/hard\libm.a
LOAD C:/ST/STM32CubeIDE_1.15.1/STM32CubeIDE/plugins/com.st.stm32cube.ide.mcu.externaltools.gnu-tools-for-stm32.12.3.rel1.win32_1.0.100.202403111256/tools/bin/../lib/gcc/arm-none-eabi/12.3.1/thumb/v7e-m+fp/hard\libgcc.a

.debug_info     0x00000000    0x11601
 .debug_info    0x00000000      0xe4e ./Core/Src/main.o
 .debug_info    0x00000e4e      0x269 ./Core/Src/stm32f4xx_hal_msp.o
 .debug_info    0x000010b7      0xbe0 ./Core/Src/stm32f4xx_hal_timebase_tim.o
 .debug_info    0x00001c97      0x6ab ./Core/Src/stm32f4xx_it.o
 .debug_info    0x00002342      0x512 ./Core/Src/system_stm32f4xx.o
 .debug_info    0x00002854       0x30 ./Core/Startup/startup_stm32f407vgtx.o
 .debug_info    0x00002884      0x97e ./Drivers/STM32F4xx_HAL_Driver/Src/stm32f4xx_hal.o
 .debug_info    0x00003202      0xd8c ./Drivers/STM32F4xx_HAL_Driver/Src/stm32f4xx_hal_cortex.o
 .debug_info    0x00003f8e      0x6dc ./Drivers/STM32F4xx_HAL_Driver/Src/stm32f4xx_hal_gpio.o
 .debug_info    0x0000466a      0x8ce ./Drivers/STM32F4xx_HAL_Driver/Src/stm32f4xx_hal_rcc.o
 .debug_info    0x00004f38     0x2a0f ./Drivers/STM32F4xx_HAL_Driver/Src/stm32f4xx_hal_tim.o
 .debug_info    0x00007947     0x153b ./Drivers/STM32F4xx_HAL_Driver/Src/stm32f4xx_hal_tim_ex.o
 .debug_info    0x00008e82      0x2af ./MiddleWare/FreeRTOS/list.o
 .debug_info    0x00009131     0x246f ./MiddleWare/FreeRTOS/tasks.o
 .debug_info    0x0000b5a0      0x4e1 ./MiddleWare/FreeRTOS/portable/GCC/ARM_CM4F/port.o
 .debug_info    0x0000ba81      0x523 ./MiddleWare/FreeRTOS/portable/MemMang/heap_4.o
 .debug_info    0x0000bfa4      0x176 ./MiddleWare/SEGGER/Config/SEGGER_SYSVIEW_Config_FreeRTOS.o
 .debug_info    0x0000c11a      0x40e ./MiddleWare/SEGGER/FreeRTOSV11/SEGGER_SYSVIEW_FreeRTOS.o
 .debug_info    0x0000c528     0x14d5 ./MiddleWare/SEGGER/SEGGER/SEGGER_RTT.o
 .debug_info    0x0000d9fd       0x25 ./MiddleWare/SEGGER/SEGGER/SEGGER_RTT_ASM_ARMv7M.o
 .debug_info    0x0000da22     0x3bdf ./MiddleWare/SEGGER/SEGGER/SEGGER_SYSVIEW.o

.debug_abbrev   0x00000000     0x288d
 .debug_abbrev  0x00000000      0x2ee ./Core/Src/main.o
 .debug_abbrev  0x000002ee       0xd8 ./Core/Src/stm32f4xx_hal_msp.o
 .debug_abbrev  0x000003c6      0x1f4 ./Core/Src/stm32f4xx_hal_timebase_tim.o
 .debug_abbrev  0x000005ba      0x17d ./Core/Src/stm32f4xx_it.o
 .debug_abbrev  0x00000737      0x11a ./Core/Src/system_stm32f4xx.o
 .debug_abbrev  0x00000851       0x24 ./Core/Startup/startup_stm32f407vgtx.o
 .debug_abbrev  0x00000875      0x21b ./Drivers/STM32F4xx_HAL_Driver/Src/stm32f4xx_hal.o
 .debug_abbrev  0x00000a90      0x344 ./Drivers/STM32F4xx_HAL_Driver/Src/stm32f4xx_hal_cortex.o
 .debug_abbrev  0x00000dd4      0x1f1 ./Drivers/STM32F4xx_HAL_Driver/Src/stm32f4xx_hal_gpio.o
 .debug_abbrev  0x00000fc5      0x2cb ./Drivers/STM32F4xx_HAL_Driver/Src/stm32f4xx_hal_rcc.o
 .debug_abbrev  0x00001290      0x275 ./Drivers/STM32F4xx_HAL_Driver/Src/stm32f4xx_hal_tim.o
 .debug_abbrev  0x00001505      0x27f ./Drivers/STM32F4xx_HAL_Driver/Src/stm32f4xx_hal_tim_ex.o
 .debug_abbrev  0x00001784       0xf5 ./MiddleWare/FreeRTOS/list.o
 .debug_abbrev  0x00001879      0x37b ./MiddleWare/FreeRTOS/tasks.o
 .debug_abbrev  0x00001bf4      0x25a ./MiddleWare/FreeRTOS/portable/GCC/ARM_CM4F/port.o
 .debug_abbrev  0x00001e4e      0x256 ./MiddleWare/FreeRTOS/portable/MemMang/heap_4.o
 .debug_abbrev  0x000020a4       0xf4 ./MiddleWare/SEGGER/Config/SEGGER_SYSVIEW_Config_FreeRTOS.o
 .debug_abbrev  0x00002198      0x191 ./MiddleWare/SEGGER/FreeRTOSV11/SEGGER_SYSVIEW_FreeRTOS.o
 .debug_abbrev  0x00002329      0x230 ./MiddleWare/SEGGER/SEGGER/SEGGER_RTT.o
 .debug_abbrev  0x00002559       0x14 ./MiddleWare/SEGGER/SEGGER/SEGGER_RTT_ASM_ARMv7M.o
 .debug_abbrev  0x0000256d      0x320 ./MiddleWare/SEGGER/SEGGER/SEGGER_SYSVIEW.o

.debug_aranges  0x00000000     0x1130
 .debug_aranges
                0x00000000       0x60 ./Core/Src/main.o
 .debug_aranges
                0x00000060       0x20 ./Core/Src/stm32f4xx_hal_msp.o
 .debug_aranges
                0x00000080       0x30 ./Core/Src/stm32f4xx_hal_timebase_tim.o
 .debug_aranges
                0x000000b0       0x50 ./Core/Src/stm32f4xx_it.o
 .debug_aranges
                0x00000100       0x28 ./Core/Src/system_stm32f4xx.o
 .debug_aranges
                0x00000128       0x28 ./Core/Startup/startup_stm32f407vgtx.o
 .debug_aranges
                0x00000150       0xf0 ./Drivers/STM32F4xx_HAL_Driver/Src/stm32f4xx_hal.o
 .debug_aranges
                0x00000240      0x120 ./Drivers/STM32F4xx_HAL_Driver/Src/stm32f4xx_hal_cortex.o
 .debug_aranges
                0x00000360       0x58 ./Drivers/STM32F4xx_HAL_Driver/Src/stm32f4xx_hal_gpio.o
 .debug_aranges
                0x000003b8       0x88 ./Drivers/STM32F4xx_HAL_Driver/Src/stm32f4xx_hal_rcc.o
 .debug_aranges
                0x00000440      0x3d0 ./Drivers/STM32F4xx_HAL_Driver/Src/stm32f4xx_hal_tim.o
 .debug_aranges
                0x00000810      0x168 ./Drivers/STM32F4xx_HAL_Driver/Src/stm32f4xx_hal_tim_ex.o
 .debug_aranges
                0x00000978       0x40 ./MiddleWare/FreeRTOS/list.o
 .debug_aranges
                0x000009b8      0x1f0 ./MiddleWare/FreeRTOS/tasks.o
 .debug_aranges
                0x00000ba8       0x80 ./MiddleWare/FreeRTOS/portable/GCC/ARM_CM4F/port.o
 .debug_aranges
                0x00000c28       0x60 ./MiddleWare/FreeRTOS/portable/MemMang/heap_4.o
 .debug_aranges
                0x00000c88       0x28 ./MiddleWare/SEGGER/Config/SEGGER_SYSVIEW_Config_FreeRTOS.o
 .debug_aranges
                0x00000cb0       0x48 ./MiddleWare/SEGGER/FreeRTOSV11/SEGGER_SYSVIEW_FreeRTOS.o
 .debug_aranges
                0x00000cf8      0x138 ./MiddleWare/SEGGER/SEGGER/SEGGER_RTT.o
 .debug_aranges
                0x00000e30       0x20 ./MiddleWare/SEGGER/SEGGER/SEGGER_RTT_ASM_ARMv7M.o
 .debug_aranges
                0x00000e50      0x2e0 ./MiddleWare/SEGGER/SEGGER/SEGGER_SYSVIEW.o

.debug_rnglists
                0x00000000      0xd44
 .debug_rnglists
                0x00000000       0x46 ./Core/Src/main.o
 .debug_rnglists
                0x00000046       0x13 ./Core/Src/stm32f4xx_hal_msp.o
 .debug_rnglists
                0x00000059       0x20 ./Core/Src/stm32f4xx_hal_timebase_tim.o
 .debug_rnglists
                0x00000079       0x37 ./Core/Src/stm32f4xx_it.o
 .debug_rnglists
                0x000000b0       0x1a ./Core/Src/system_stm32f4xx.o
 .debug_rnglists
                0x000000ca       0x19 ./Core/Startup/startup_stm32f407vgtx.o
 .debug_rnglists
                0x000000e3       0xaf ./Drivers/STM32F4xx_HAL_Driver/Src/stm32f4xx_hal.o
 .debug_rnglists
                0x00000192       0xd4 ./Drivers/STM32F4xx_HAL_Driver/Src/stm32f4xx_hal_cortex.o
 .debug_rnglists
                0x00000266       0x3f ./Drivers/STM32F4xx_HAL_Driver/Src/stm32f4xx_hal_gpio.o
 .debug_rnglists
                0x000002a5       0x66 ./Drivers/STM32F4xx_HAL_Driver/Src/stm32f4xx_hal_rcc.o
 .debug_rnglists
                0x0000030b      0x321 ./Drivers/STM32F4xx_HAL_Driver/Src/stm32f4xx_hal_tim.o
 .debug_rnglists
                0x0000062c      0x129 ./Drivers/STM32F4xx_HAL_Driver/Src/stm32f4xx_hal_tim_ex.o
 .debug_rnglists
                0x00000755       0x2b ./MiddleWare/FreeRTOS/list.o
 .debug_rnglists
                0x00000780      0x18e ./MiddleWare/FreeRTOS/tasks.o
 .debug_rnglists
                0x0000090e       0x5d ./MiddleWare/FreeRTOS/portable/GCC/ARM_CM4F/port.o
 .debug_rnglists
                0x0000096b       0x48 ./MiddleWare/FreeRTOS/portable/MemMang/heap_4.o
 .debug_rnglists
                0x000009b3       0x19 ./MiddleWare/SEGGER/Config/SEGGER_SYSVIEW_Config_FreeRTOS.o
 .debug_rnglists
                0x000009cc       0x36 ./MiddleWare/SEGGER/FreeRTOSV11/SEGGER_SYSVIEW_FreeRTOS.o
 .debug_rnglists
                0x00000a02       0xf5 ./MiddleWare/SEGGER/SEGGER/SEGGER_RTT.o
 .debug_rnglists
                0x00000af7      0x24d ./MiddleWare/SEGGER/SEGGER/SEGGER_SYSVIEW.o

.debug_macro    0x00000000     0x49bc
 .debug_macro   0x00000000      0x2f1 ./Core/Src/main.o
 .debug_macro   0x000002f1      0x118 ./Core/Src/main.o
 .debug_macro   0x00000409       0x58 ./Core/Src/main.o
 .debug_macro   0x00000461       0x46 ./Core/Src/main.o
 .debug_macro   0x000004a7       0x64 ./Core/Src/main.o
 .debug_macro   0x0000050b       0x49 ./Core/Src/main.o
 .debug_macro   0x00000554       0xd1 ./Core/Src/main.o
 .debug_macro   0x00000625      0x220 ./Core/Src/main.o
 .debug_macro   0x00000845      0xf65 ./Core/Src/main.o
 .debug_macro   0x000017aa      0x15a ./Core/Src/main.o
 .debug_macro   0x00001904       0xea ./Core/Src/main.o
 .debug_macro   0x000019ee       0x28 ./Core/Src/main.o
 .debug_macro   0x00001a16       0x1f ./Core/Src/main.o
 .debug_macro   0x00001a35       0x12 ./Core/Src/main.o
 .debug_macro   0x00001a47      0x4f5 ./Core/Src/main.o
 .debug_macro   0x00001f3c       0xc3 ./Core/Src/main.o
 .debug_macro   0x00001fff      0x120 ./Core/Src/main.o
 .debug_macro   0x0000211f       0x91 ./Core/Src/main.o
 .debug_macro   0x000021b0       0x86 ./Core/Src/main.o
 .debug_macro   0x00002236       0x77 ./Core/Src/main.o
 .debug_macro   0x000022ad      0x1ce ./Core/Src/stm32f4xx_hal_msp.o
 .debug_macro   0x0000247b      0x1c4 ./Core/Src/stm32f4xx_hal_timebase_tim.o
 .debug_macro   0x0000263f      0x1d8 ./Core/Src/stm32f4xx_it.o
 .debug_macro   0x00002817      0x1c4 ./Core/Src/system_stm32f4xx.o
 .debug_macro   0x000029db      0x224 ./Drivers/STM32F4xx_HAL_Driver/Src/stm32f4xx_hal.o
 .debug_macro   0x00002bff      0x1c4 ./Drivers/STM32F4xx_HAL_Driver/Src/stm32f4xx_hal_cortex.o
 .debug_macro   0x00002dc3      0x1ca ./Drivers/STM32F4xx_HAL_Driver/Src/stm32f4xx_hal_gpio.o
 .debug_macro   0x00002f8d      0x1e8 ./Drivers/STM32F4xx_HAL_Driver/Src/stm32f4xx_hal_rcc.o
 .debug_macro   0x00003175      0x1c5 ./Drivers/STM32F4xx_HAL_Driver/Src/stm32f4xx_hal_tim.o
 .debug_macro   0x0000333a      0x1c4 ./Drivers/STM32F4xx_HAL_Driver/Src/stm32f4xx_hal_tim_ex.o
 .debug_macro   0x000034fe      0x1fa ./MiddleWare/FreeRTOS/list.o
 .debug_macro   0x000036f8      0x2e0 ./MiddleWare/FreeRTOS/tasks.o
 .debug_macro   0x000039d8       0x17 ./MiddleWare/FreeRTOS/tasks.o
 .debug_macro   0x000039ef      0x209 ./MiddleWare/FreeRTOS/portable/GCC/ARM_CM4F/port.o
 .debug_macro   0x00003bf8      0x27b ./MiddleWare/FreeRTOS/portable/MemMang/heap_4.o
 .debug_macro   0x00003e73      0x13d ./MiddleWare/SEGGER/Config/SEGGER_SYSVIEW_Config_FreeRTOS.o
 .debug_macro   0x00003fb0      0x209 ./MiddleWare/SEGGER/FreeRTOSV11/SEGGER_SYSVIEW_FreeRTOS.o
 .debug_macro   0x000041b9      0x1e9 ./MiddleWare/SEGGER/SEGGER/SEGGER_RTT.o
 .debug_macro   0x000043a2       0x35 ./MiddleWare/SEGGER/SEGGER/SEGGER_RTT.o
 .debug_macro   0x000043d7      0x138 ./MiddleWare/SEGGER/SEGGER/SEGGER_RTT.o
 .debug_macro   0x0000450f      0x252 ./MiddleWare/SEGGER/SEGGER/SEGGER_SYSVIEW.o
 .debug_macro   0x00004761      0x220 ./MiddleWare/SEGGER/SEGGER/SEGGER_SYSVIEW.o
 .debug_macro   0x00004981       0x3b ./MiddleWare/SEGGER/SEGGER/SEGGER_SYSVIEW.o

.debug_line     0x00000000    0x15f79
 .debug_line    0x00000000      0xb30 ./Core/Src/main.o
 .debug_line    0x00000b30      0x736 ./Core/Src/stm32f4xx_hal_msp.o
 .debug_line    0x00001266      0x7a4 ./Core/Src/stm32f4xx_hal_timebase_tim.o
 .debug_line    0x00001a0a      0x7d3 ./Core/Src/stm32f4xx_it.o
 .debug_line    0x000021dd      0x7bb ./Core/Src/system_stm32f4xx.o
 .debug_line    0x00002998       0x7a ./Core/Startup/startup_stm32f407vgtx.o
 .debug_line    0x00002a12      0xa38 ./Drivers/STM32F4xx_HAL_Driver/Src/stm32f4xx_hal.o
 .debug_line    0x0000344a      0xeb1 ./Drivers/STM32F4xx_HAL_Driver/Src/stm32f4xx_hal_cortex.o
 .debug_line    0x000042fb      0xd78 ./Drivers/STM32F4xx_HAL_Driver/Src/stm32f4xx_hal_gpio.o
 .debug_line    0x00005073      0xf54 ./Drivers/STM32F4xx_HAL_Driver/Src/stm32f4xx_hal_rcc.o
 .debug_line    0x00005fc7     0x5eb6 ./Drivers/STM32F4xx_HAL_Driver/Src/stm32f4xx_hal_tim.o
 .debug_line    0x0000be7d     0x2046 ./Drivers/STM32F4xx_HAL_Driver/Src/stm32f4xx_hal_tim_ex.o
 .debug_line    0x0000dec3      0x8c8 ./MiddleWare/FreeRTOS/list.o
 .debug_line    0x0000e78b     0x1f1e ./MiddleWare/FreeRTOS/tasks.o
 .debug_line    0x000106a9      0x9a8 ./MiddleWare/FreeRTOS/portable/GCC/ARM_CM4F/port.o
 .debug_line    0x00011051      0xb49 ./MiddleWare/FreeRTOS/portable/MemMang/heap_4.o
 .debug_line    0x00011b9a      0x69d ./MiddleWare/SEGGER/Config/SEGGER_SYSVIEW_Config_FreeRTOS.o
 .debug_line    0x00012237      0x9a4 ./MiddleWare/SEGGER/FreeRTOSV11/SEGGER_SYSVIEW_FreeRTOS.o
 .debug_line    0x00012bdb      0xf28 ./MiddleWare/SEGGER/SEGGER/SEGGER_RTT.o
 .debug_line    0x00013b03       0x86 ./MiddleWare/SEGGER/SEGGER/SEGGER_RTT_ASM_ARMv7M.o
 .debug_line    0x00013b89     0x23f0 ./MiddleWare/SEGGER/SEGGER/SEGGER_SYSVIEW.o

.debug_str      0x00000000    0xe386b
 .debug_str     0x00000000    0xd95f4 ./Core/Src/main.o
                              0xd999a (size before relaxing)
 .debug_str     0x000d95f4       0x2c ./Core/Src/stm32f4xx_hal_msp.o
                              0xc2029 (size before relaxing)
 .debug_str     0x000d9620      0x5fa ./Core/Src/stm32f4xx_hal_timebase_tim.o
                              0xc2bc0 (size before relaxing)
 .debug_str     0x000d9c1a       0xbe ./Core/Src/stm32f4xx_it.o
                              0xc24df (size before relaxing)
 .debug_str     0x000d9cd8       0xdb ./Core/Src/system_stm32f4xx.o
                              0xc20d9 (size before relaxing)
 .debug_str     0x000d9db3       0x44 ./Core/Startup/startup_stm32f407vgtx.o
                                 0x5d (size before relaxing)
 .debug_str     0x000d9df7      0x5b6 ./Drivers/STM32F4xx_HAL_Driver/Src/stm32f4xx_hal.o
                              0xc2c7d (size before relaxing)
 .debug_str     0x000da3ad      0x347 ./Drivers/STM32F4xx_HAL_Driver/Src/stm32f4xx_hal_cortex.o
                              0xc29c9 (size before relaxing)
 .debug_str     0x000da6f4      0x120 ./Drivers/STM32F4xx_HAL_Driver/Src/stm32f4xx_hal_gpio.o
                              0xc2262 (size before relaxing)
 .debug_str     0x000da814      0x1fd ./Drivers/STM32F4xx_HAL_Driver/Src/stm32f4xx_hal_rcc.o
                              0xc251b (size before relaxing)
 .debug_str     0x000daa11      0xe79 ./Drivers/STM32F4xx_HAL_Driver/Src/stm32f4xx_hal_tim.o
                              0xc3483 (size before relaxing)
 .debug_str     0x000db88a      0x503 ./Drivers/STM32F4xx_HAL_Driver/Src/stm32f4xx_hal_tim_ex.o
                              0xc2c8f (size before relaxing)
 .debug_str     0x000dbd8d     0x3330 ./MiddleWare/FreeRTOS/list.o
                              0x1bbab (size before relaxing)
 .debug_str     0x000df0bd     0x16c3 ./MiddleWare/FreeRTOS/tasks.o
                              0x1ed67 (size before relaxing)
 .debug_str     0x000e0780      0x7d6 ./MiddleWare/FreeRTOS/portable/GCC/ARM_CM4F/port.o
                              0x1a3f2 (size before relaxing)
 .debug_str     0x000e0f56      0x5e0 ./MiddleWare/FreeRTOS/portable/MemMang/heap_4.o
                              0x1d3d5 (size before relaxing)
 .debug_str     0x000e1536      0x1ba ./MiddleWare/SEGGER/Config/SEGGER_SYSVIEW_Config_FreeRTOS.o
                              0x17f1b (size before relaxing)
 .debug_str     0x000e16f0       0xff ./MiddleWare/SEGGER/FreeRTOSV11/SEGGER_SYSVIEW_FreeRTOS.o
                              0x1ce09 (size before relaxing)
 .debug_str     0x000e17ef     0x107f ./MiddleWare/SEGGER/SEGGER/SEGGER_RTT.o
                               0x8752 (size before relaxing)
 .debug_str     0x000e286e       0x34 ./MiddleWare/SEGGER/SEGGER/SEGGER_RTT_ASM_ARMv7M.o
                                 0x5b (size before relaxing)
 .debug_str     0x000e28a2      0xfc9 ./MiddleWare/SEGGER/SEGGER/SEGGER_SYSVIEW.o
                               0xa9b6 (size before relaxing)

.comment        0x00000000       0x43
 .comment       0x00000000       0x43 ./Core/Src/main.o
                                 0x44 (size before relaxing)
 .comment       0x00000043       0x44 ./Core/Src/stm32f4xx_hal_msp.o
 .comment       0x00000043       0x44 ./Core/Src/stm32f4xx_hal_timebase_tim.o
 .comment       0x00000043       0x44 ./Core/Src/stm32f4xx_it.o
 .comment       0x00000043       0x44 ./Core/Src/system_stm32f4xx.o
 .comment       0x00000043       0x44 ./Drivers/STM32F4xx_HAL_Driver/Src/stm32f4xx_hal.o
 .comment       0x00000043       0x44 ./Drivers/STM32F4xx_HAL_Driver/Src/stm32f4xx_hal_cortex.o
 .comment       0x00000043       0x44 ./Drivers/STM32F4xx_HAL_Driver/Src/stm32f4xx_hal_gpio.o
 .comment       0x00000043       0x44 ./Drivers/STM32F4xx_HAL_Driver/Src/stm32f4xx_hal_rcc.o
 .comment       0x00000043       0x44 ./Drivers/STM32F4xx_HAL_Driver/Src/stm32f4xx_hal_tim.o
 .comment       0x00000043       0x44 ./Drivers/STM32F4xx_HAL_Driver/Src/stm32f4xx_hal_tim_ex.o
 .comment       0x00000043       0x44 ./MiddleWare/FreeRTOS/list.o
 .comment       0x00000043       0x44 ./MiddleWare/FreeRTOS/tasks.o
 .comment       0x00000043       0x44 ./MiddleWare/FreeRTOS/portable/GCC/ARM_CM4F/port.o
 .comment       0x00000043       0x44 ./MiddleWare/FreeRTOS/portable/MemMang/heap_4.o
 .comment       0x00000043       0x44 ./MiddleWare/SEGGER/Config/SEGGER_SYSVIEW_Config_FreeRTOS.o
 .comment       0x00000043       0x44 ./MiddleWare/SEGGER/FreeRTOSV11/SEGGER_SYSVIEW_FreeRTOS.o
 .comment       0x00000043       0x44 ./MiddleWare/SEGGER/SEGGER/SEGGER_RTT.o
 .comment       0x00000043       0x44 ./MiddleWare/SEGGER/SEGGER/SEGGER_SYSVIEW.o

.debug_frame    0x00000000     0x479c
 .debug_frame   0x00000000      0x134 ./Core/Src/main.o
 .debug_frame   0x00000134       0x38 ./Core/Src/stm32f4xx_hal_msp.o
 .debug_frame   0x0000016c       0x74 ./Core/Src/stm32f4xx_hal_timebase_tim.o
 .debug_frame   0x000001e0       0xc4 ./Core/Src/stm32f4xx_it.o
 .debug_frame   0x000002a4       0x58 ./Core/Src/system_stm32f4xx.o
 .debug_frame   0x000002fc      0x374 ./Drivers/STM32F4xx_HAL_Driver/Src/stm32f4xx_hal.o
 .debug_frame   0x00000670      0x4b4 ./Drivers/STM32F4xx_HAL_Driver/Src/stm32f4xx_hal_cortex.o
 .debug_frame   0x00000b24      0x13c ./Drivers/STM32F4xx_HAL_Driver/Src/stm32f4xx_hal_gpio.o
 .debug_frame   0x00000c60      0x1f8 ./Drivers/STM32F4xx_HAL_Driver/Src/stm32f4xx_hal_rcc.o
 .debug_frame   0x00000e58     0x11dc ./Drivers/STM32F4xx_HAL_Driver/Src/stm32f4xx_hal_tim.o
 .debug_frame   0x00002034      0x620 ./Drivers/STM32F4xx_HAL_Driver/Src/stm32f4xx_hal_tim_ex.o
 .debug_frame   0x00002654       0xd8 ./MiddleWare/FreeRTOS/list.o
 .debug_frame   0x0000272c      0x88c ./MiddleWare/FreeRTOS/tasks.o
 .debug_frame   0x00002fb8      0x1a8 ./MiddleWare/FreeRTOS/portable/GCC/ARM_CM4F/port.o
 .debug_frame   0x00003160      0x150 ./MiddleWare/FreeRTOS/portable/MemMang/heap_4.o
 .debug_frame   0x000032b0       0x48 ./MiddleWare/SEGGER/Config/SEGGER_SYSVIEW_Config_FreeRTOS.o
 .debug_frame   0x000032f8      0x104 ./MiddleWare/SEGGER/FreeRTOSV11/SEGGER_SYSVIEW_FreeRTOS.o
 .debug_frame   0x000033fc      0x52c ./MiddleWare/SEGGER/SEGGER/SEGGER_RTT.o
 .debug_frame   0x00003928      0xd78 ./MiddleWare/SEGGER/SEGGER/SEGGER_SYSVIEW.o
 .debug_frame   0x000046a0       0x28 C:/ST/STM32CubeIDE_1.15.1/STM32CubeIDE/plugins/com.st.stm32cube.ide.mcu.externaltools.gnu-tools-for-stm32.12.3.rel1.win32_1.0.100.202403111256/tools/bin/../lib/gcc/arm-none-eabi/12.3.1/../../../../arm-none-eabi/lib/thumb/v7e-m+fp/hard\libc_nano.a(libc_a-memcmp.o)
 .debug_frame   0x000046c8       0x20 C:/ST/STM32CubeIDE_1.15.1/STM32CubeIDE/plugins/com.st.stm32cube.ide.mcu.externaltools.gnu-tools-for-stm32.12.3.rel1.win32_1.0.100.202403111256/tools/bin/../lib/gcc/arm-none-eabi/12.3.1/../../../../arm-none-eabi/lib/thumb/v7e-m+fp/hard\libc_nano.a(libc_a-memset.o)
 .debug_frame   0x000046e8       0x2c C:/ST/STM32CubeIDE_1.15.1/STM32CubeIDE/plugins/com.st.stm32cube.ide.mcu.externaltools.gnu-tools-for-stm32.12.3.rel1.win32_1.0.100.202403111256/tools/bin/../lib/gcc/arm-none-eabi/12.3.1/../../../../arm-none-eabi/lib/thumb/v7e-m+fp/hard\libc_nano.a(libc_a-init.o)
 .debug_frame   0x00004714       0x28 C:/ST/STM32CubeIDE_1.15.1/STM32CubeIDE/plugins/com.st.stm32cube.ide.mcu.externaltools.gnu-tools-for-stm32.12.3.rel1.win32_1.0.100.202403111256/tools/bin/../lib/gcc/arm-none-eabi/12.3.1/../../../../arm-none-eabi/lib/thumb/v7e-m+fp/hard\libc_nano.a(libc_a-memcpy-stub.o)
 .debug_frame   0x0000473c       0x2c C:/ST/STM32CubeIDE_1.15.1/STM32CubeIDE/plugins/com.st.stm32cube.ide.mcu.externaltools.gnu-tools-for-stm32.12.3.rel1.win32_1.0.100.202403111256/tools/bin/../lib/gcc/arm-none-eabi/12.3.1/thumb/v7e-m+fp/hard\libgcc.a(_aeabi_uldivmod.o)
 .debug_frame   0x00004768       0x34 C:/ST/STM32CubeIDE_1.15.1/STM32CubeIDE/plugins/com.st.stm32cube.ide.mcu.externaltools.gnu-tools-for-stm32.12.3.rel1.win32_1.0.100.202403111256/tools/bin/../lib/gcc/arm-none-eabi/12.3.1/thumb/v7e-m+fp/hard\libgcc.a(_udivmoddi4.o)

.debug_line_str
                0x00000000       0x75
 .debug_line_str
                0x00000000       0x41 ./Core/Startup/startup_stm32f407vgtx.o
 .debug_line_str
                0x00000041       0x34 ./MiddleWare/SEGGER/SEGGER/SEGGER_RTT_ASM_ARMv7M.o
                                 0x4d (size before relaxing)
